[0.327s] DEBUG:colcon:Command line arguments: ['/usr/bin/colcon', 'build']
[0.327s] DEBUG:colcon:Parsed command line arguments: Namespace(log_base=None, log_level=None, verb_name='build', build_base='build', install_base='install', merge_install=False, symlink_install=False, test_result_base=None, continue_on_error=False, executor='parallel', parallel_workers=16, event_handlers=None, ignore_user_meta=False, metas=['./colcon.meta'], base_paths=['.'], packages_ignore=None, packages_ignore_regex=None, paths=None, packages_up_to=None, packages_up_to_regex=None, packages_above=None, packages_above_and_dependencies=None, packages_above_depth=None, packages_select_by_dep=None, packages_skip_by_dep=None, packages_skip_up_to=None, packages_select_build_failed=False, packages_skip_build_finished=False, packages_select_test_failures=False, packages_skip_test_passed=False, packages_select=None, packages_skip=None, packages_select_regex=None, packages_skip_regex=None, packages_start=None, packages_end=None, cmake_args=None, cmake_target=None, cmake_target_skip_unavailable=False, cmake_clean_cache=False, cmake_clean_first=False, cmake_force_configure=False, ament_cmake_args=None, catkin_cmake_args=None, catkin_skip_building_tests=False, mixin_files=None, mixin=None, verb_parser=<colcon_mixin.mixin.mixin_argument.MixinArgumentDecorator object at 0x702464f17370>, verb_extension=<colcon_core.verb.build.BuildVerb object at 0x702464f16d70>, main=<bound method BuildVerb.main of <colcon_core.verb.build.BuildVerb object at 0x702464f16d70>>, mixin_verb=('build',))
[0.558s] Level 1:colcon.colcon_core.package_discovery:discover_packages(colcon_meta) check parameters
[0.560s] INFO:colcon.colcon_metadata.package_discovery.colcon_meta:Using configuration from '/root/.colcon/metadata/default/Gazebo.meta'
[0.561s] INFO:colcon.colcon_metadata.package_discovery.colcon_meta:Using configuration from '/root/.colcon/metadata/default/fastdds.meta'
[0.562s] INFO:colcon.colcon_metadata.package_discovery.colcon_meta:Using configuration from '/root/.colcon/metadata/default/fastrtps.meta'
[0.562s] Level 1:colcon.colcon_core.package_discovery:discover_packages(recursive) check parameters
[0.562s] Level 1:colcon.colcon_core.package_discovery:discover_packages(ignore) check parameters
[0.562s] Level 1:colcon.colcon_core.package_discovery:discover_packages(path) check parameters
[0.562s] Level 1:colcon.colcon_core.package_discovery:discover_packages(colcon_meta) discover
[0.563s] Level 1:colcon.colcon_core.package_discovery:discover_packages(recursive) discover
[0.563s] INFO:colcon.colcon_core.package_discovery:Crawling recursively for packages in '/ros2_ws'
[0.563s] Level 1:colcon.colcon_core.package_identification:_identify(.) by extensions ['ignore', 'ignore_ament_install']
[0.563s] Level 1:colcon.colcon_core.package_identification:_identify(.) by extension 'ignore'
[0.563s] Level 1:colcon.colcon_core.package_identification:_identify(.) by extension 'ignore_ament_install'
[0.564s] Level 1:colcon.colcon_core.package_identification:_identify(.) by extensions ['colcon_pkg']
[0.564s] Level 1:colcon.colcon_core.package_identification:_identify(.) by extension 'colcon_pkg'
[0.564s] Level 1:colcon.colcon_core.package_identification:_identify(.) by extensions ['colcon_meta']
[0.564s] Level 1:colcon.colcon_core.package_identification:_identify(.) by extension 'colcon_meta'
[0.564s] Level 1:colcon.colcon_core.package_identification:_identify(.) by extensions ['ros']
[0.564s] Level 1:colcon.colcon_core.package_identification:_identify(.) by extension 'ros'
[0.580s] Level 1:colcon.colcon_core.package_identification:_identify(.) by extensions ['cmake', 'python']
[0.580s] Level 1:colcon.colcon_core.package_identification:_identify(.) by extension 'cmake'
[0.580s] Level 1:colcon.colcon_core.package_identification:_identify(.) by extension 'python'
[0.580s] Level 1:colcon.colcon_core.package_identification:_identify(.) by extensions ['python_setup_py']
[0.580s] Level 1:colcon.colcon_core.package_identification:_identify(.) by extension 'python_setup_py'
[0.580s] Level 1:colcon.colcon_core.package_identification:_identify(build) by extensions ['ignore', 'ignore_ament_install']
[0.581s] Level 1:colcon.colcon_core.package_identification:_identify(build) by extension 'ignore'
[0.581s] Level 1:colcon.colcon_core.package_identification:_identify(build) ignored
[0.581s] Level 1:colcon.colcon_core.package_identification:_identify(install) by extensions ['ignore', 'ignore_ament_install']
[0.581s] Level 1:colcon.colcon_core.package_identification:_identify(install) by extension 'ignore'
[0.581s] Level 1:colcon.colcon_core.package_identification:_identify(install) ignored
[0.581s] Level 1:colcon.colcon_core.package_identification:_identify(log) by extensions ['ignore', 'ignore_ament_install']
[0.581s] Level 1:colcon.colcon_core.package_identification:_identify(log) by extension 'ignore'
[0.581s] Level 1:colcon.colcon_core.package_identification:_identify(log) ignored
[0.582s] Level 1:colcon.colcon_core.package_identification:_identify(src) by extensions ['ignore', 'ignore_ament_install']
[0.582s] Level 1:colcon.colcon_core.package_identification:_identify(src) by extension 'ignore'
[0.582s] Level 1:colcon.colcon_core.package_identification:_identify(src) by extension 'ignore_ament_install'
[0.582s] Level 1:colcon.colcon_core.package_identification:_identify(src) by extensions ['colcon_pkg']
[0.582s] Level 1:colcon.colcon_core.package_identification:_identify(src) by extension 'colcon_pkg'
[0.582s] Level 1:colcon.colcon_core.package_identification:_identify(src) by extensions ['colcon_meta']
[0.582s] Level 1:colcon.colcon_core.package_identification:_identify(src) by extension 'colcon_meta'
[0.582s] Level 1:colcon.colcon_core.package_identification:_identify(src) by extensions ['ros']
[0.582s] Level 1:colcon.colcon_core.package_identification:_identify(src) by extension 'ros'
[0.582s] Level 1:colcon.colcon_core.package_identification:_identify(src) by extensions ['cmake', 'python']
[0.582s] Level 1:colcon.colcon_core.package_identification:_identify(src) by extension 'cmake'
[0.582s] Level 1:colcon.colcon_core.package_identification:_identify(src) by extension 'python'
[0.583s] Level 1:colcon.colcon_core.package_identification:_identify(src) by extensions ['python_setup_py']
[0.583s] Level 1:colcon.colcon_core.package_identification:_identify(src) by extension 'python_setup_py'
[0.583s] Level 1:colcon.colcon_core.package_identification:_identify(src/usb_cam) by extensions ['ignore', 'ignore_ament_install']
[0.583s] Level 1:colcon.colcon_core.package_identification:_identify(src/usb_cam) by extension 'ignore'
[0.583s] Level 1:colcon.colcon_core.package_identification:_identify(src/usb_cam) by extension 'ignore_ament_install'
[0.583s] Level 1:colcon.colcon_core.package_identification:_identify(src/usb_cam) by extensions ['colcon_pkg']
[0.583s] Level 1:colcon.colcon_core.package_identification:_identify(src/usb_cam) by extension 'colcon_pkg'
[0.583s] Level 1:colcon.colcon_core.package_identification:_identify(src/usb_cam) by extensions ['colcon_meta']
[0.583s] Level 1:colcon.colcon_core.package_identification:_identify(src/usb_cam) by extension 'colcon_meta'
[0.583s] Level 1:colcon.colcon_core.package_identification:_identify(src/usb_cam) by extensions ['ros']
[0.583s] Level 1:colcon.colcon_core.package_identification:_identify(src/usb_cam) by extension 'ros'
[0.588s] DEBUG:colcon.colcon_core.package_identification:Package 'src/usb_cam' with type 'ros.ament_cmake' and name 'usb_cam'
[0.588s] Level 1:colcon.colcon_core.package_identification:_identify(src/yolo_ros) by extensions ['ignore', 'ignore_ament_install']
[0.588s] Level 1:colcon.colcon_core.package_identification:_identify(src/yolo_ros) by extension 'ignore'
[0.588s] Level 1:colcon.colcon_core.package_identification:_identify(src/yolo_ros) by extension 'ignore_ament_install'
[0.588s] Level 1:colcon.colcon_core.package_identification:_identify(src/yolo_ros) by extensions ['colcon_pkg']
[0.588s] Level 1:colcon.colcon_core.package_identification:_identify(src/yolo_ros) by extension 'colcon_pkg'
[0.588s] Level 1:colcon.colcon_core.package_identification:_identify(src/yolo_ros) by extensions ['colcon_meta']
[0.588s] Level 1:colcon.colcon_core.package_identification:_identify(src/yolo_ros) by extension 'colcon_meta'
[0.588s] Level 1:colcon.colcon_core.package_identification:_identify(src/yolo_ros) by extensions ['ros']
[0.588s] Level 1:colcon.colcon_core.package_identification:_identify(src/yolo_ros) by extension 'ros'
[0.588s] Level 1:colcon.colcon_core.package_identification:_identify(src/yolo_ros) by extensions ['cmake', 'python']
[0.589s] Level 1:colcon.colcon_core.package_identification:_identify(src/yolo_ros) by extension 'cmake'
[0.589s] Level 1:colcon.colcon_core.package_identification:_identify(src/yolo_ros) by extension 'python'
[0.589s] Level 1:colcon.colcon_core.package_identification:_identify(src/yolo_ros) by extensions ['python_setup_py']
[0.589s] Level 1:colcon.colcon_core.package_identification:_identify(src/yolo_ros) by extension 'python_setup_py'
[0.589s] Level 1:colcon.colcon_core.package_identification:_identify(src/yolo_ros/docs) by extensions ['ignore', 'ignore_ament_install']
[0.589s] Level 1:colcon.colcon_core.package_identification:_identify(src/yolo_ros/docs) by extension 'ignore'
[0.589s] Level 1:colcon.colcon_core.package_identification:_identify(src/yolo_ros/docs) by extension 'ignore_ament_install'
[0.589s] Level 1:colcon.colcon_core.package_identification:_identify(src/yolo_ros/docs) by extensions ['colcon_pkg']
[0.589s] Level 1:colcon.colcon_core.package_identification:_identify(src/yolo_ros/docs) by extension 'colcon_pkg'
[0.589s] Level 1:colcon.colcon_core.package_identification:_identify(src/yolo_ros/docs) by extensions ['colcon_meta']
[0.589s] Level 1:colcon.colcon_core.package_identification:_identify(src/yolo_ros/docs) by extension 'colcon_meta'
[0.589s] Level 1:colcon.colcon_core.package_identification:_identify(src/yolo_ros/docs) by extensions ['ros']
[0.589s] Level 1:colcon.colcon_core.package_identification:_identify(src/yolo_ros/docs) by extension 'ros'
[0.589s] Level 1:colcon.colcon_core.package_identification:_identify(src/yolo_ros/docs) by extensions ['cmake', 'python']
[0.589s] Level 1:colcon.colcon_core.package_identification:_identify(src/yolo_ros/docs) by extension 'cmake'
[0.590s] Level 1:colcon.colcon_core.package_identification:_identify(src/yolo_ros/docs) by extension 'python'
[0.590s] Level 1:colcon.colcon_core.package_identification:_identify(src/yolo_ros/docs) by extensions ['python_setup_py']
[0.590s] Level 1:colcon.colcon_core.package_identification:_identify(src/yolo_ros/docs) by extension 'python_setup_py'
[0.590s] Level 1:colcon.colcon_core.package_identification:_identify(src/yolo_ros/yolo_bringup) by extensions ['ignore', 'ignore_ament_install']
[0.590s] Level 1:colcon.colcon_core.package_identification:_identify(src/yolo_ros/yolo_bringup) by extension 'ignore'
[0.590s] Level 1:colcon.colcon_core.package_identification:_identify(src/yolo_ros/yolo_bringup) by extension 'ignore_ament_install'
[0.590s] Level 1:colcon.colcon_core.package_identification:_identify(src/yolo_ros/yolo_bringup) by extensions ['colcon_pkg']
[0.590s] Level 1:colcon.colcon_core.package_identification:_identify(src/yolo_ros/yolo_bringup) by extension 'colcon_pkg'
[0.590s] Level 1:colcon.colcon_core.package_identification:_identify(src/yolo_ros/yolo_bringup) by extensions ['colcon_meta']
[0.590s] Level 1:colcon.colcon_core.package_identification:_identify(src/yolo_ros/yolo_bringup) by extension 'colcon_meta'
[0.590s] Level 1:colcon.colcon_core.package_identification:_identify(src/yolo_ros/yolo_bringup) by extensions ['ros']
[0.590s] Level 1:colcon.colcon_core.package_identification:_identify(src/yolo_ros/yolo_bringup) by extension 'ros'
[0.591s] DEBUG:colcon.colcon_core.package_identification:Package 'src/yolo_ros/yolo_bringup' with type 'ros.ament_cmake' and name 'yolo_bringup'
[0.591s] Level 1:colcon.colcon_core.package_identification:_identify(src/yolo_ros/yolo_msgs) by extensions ['ignore', 'ignore_ament_install']
[0.591s] Level 1:colcon.colcon_core.package_identification:_identify(src/yolo_ros/yolo_msgs) by extension 'ignore'
[0.591s] Level 1:colcon.colcon_core.package_identification:_identify(src/yolo_ros/yolo_msgs) by extension 'ignore_ament_install'
[0.591s] Level 1:colcon.colcon_core.package_identification:_identify(src/yolo_ros/yolo_msgs) by extensions ['colcon_pkg']
[0.591s] Level 1:colcon.colcon_core.package_identification:_identify(src/yolo_ros/yolo_msgs) by extension 'colcon_pkg'
[0.591s] Level 1:colcon.colcon_core.package_identification:_identify(src/yolo_ros/yolo_msgs) by extensions ['colcon_meta']
[0.591s] Level 1:colcon.colcon_core.package_identification:_identify(src/yolo_ros/yolo_msgs) by extension 'colcon_meta'
[0.591s] Level 1:colcon.colcon_core.package_identification:_identify(src/yolo_ros/yolo_msgs) by extensions ['ros']
[0.592s] Level 1:colcon.colcon_core.package_identification:_identify(src/yolo_ros/yolo_msgs) by extension 'ros'
[0.592s] DEBUG:colcon.colcon_core.package_identification:Package 'src/yolo_ros/yolo_msgs' with type 'ros.ament_cmake' and name 'yolo_msgs'
[0.592s] Level 1:colcon.colcon_core.package_identification:_identify(src/yolo_ros/yolo_ros) by extensions ['ignore', 'ignore_ament_install']
[0.592s] Level 1:colcon.colcon_core.package_identification:_identify(src/yolo_ros/yolo_ros) by extension 'ignore'
[0.593s] Level 1:colcon.colcon_core.package_identification:_identify(src/yolo_ros/yolo_ros) by extension 'ignore_ament_install'
[0.593s] Level 1:colcon.colcon_core.package_identification:_identify(src/yolo_ros/yolo_ros) by extensions ['colcon_pkg']
[0.593s] Level 1:colcon.colcon_core.package_identification:_identify(src/yolo_ros/yolo_ros) by extension 'colcon_pkg'
[0.593s] Level 1:colcon.colcon_core.package_identification:_identify(src/yolo_ros/yolo_ros) by extensions ['colcon_meta']
[0.593s] Level 1:colcon.colcon_core.package_identification:_identify(src/yolo_ros/yolo_ros) by extension 'colcon_meta'
[0.593s] Level 1:colcon.colcon_core.package_identification:_identify(src/yolo_ros/yolo_ros) by extensions ['ros']
[0.593s] Level 1:colcon.colcon_core.package_identification:_identify(src/yolo_ros/yolo_ros) by extension 'ros'
[0.594s] DEBUG:colcon.colcon_core.package_identification:Package 'src/yolo_ros/yolo_ros' with type 'ros.ament_python' and name 'yolo_ros'
[0.594s] Level 1:colcon.colcon_core.package_discovery:discover_packages(recursive) using defaults
[0.594s] Level 1:colcon.colcon_core.package_discovery:discover_packages(ignore) discover
[0.594s] Level 1:colcon.colcon_core.package_discovery:discover_packages(ignore) using defaults
[0.594s] Level 1:colcon.colcon_core.package_discovery:discover_packages(path) discover
[0.594s] Level 1:colcon.colcon_core.package_discovery:discover_packages(path) using defaults
[0.636s] Level 5:colcon.colcon_core.verb:set package 'usb_cam' build argument 'cmake_args' from command line to 'None'
[0.636s] Level 5:colcon.colcon_core.verb:set package 'usb_cam' build argument 'cmake_target' from command line to 'None'
[0.636s] Level 5:colcon.colcon_core.verb:set package 'usb_cam' build argument 'cmake_target_skip_unavailable' from command line to 'False'
[0.636s] Level 5:colcon.colcon_core.verb:set package 'usb_cam' build argument 'cmake_clean_cache' from command line to 'False'
[0.636s] Level 5:colcon.colcon_core.verb:set package 'usb_cam' build argument 'cmake_clean_first' from command line to 'False'
[0.636s] Level 5:colcon.colcon_core.verb:set package 'usb_cam' build argument 'cmake_force_configure' from command line to 'False'
[0.636s] Level 5:colcon.colcon_core.verb:set package 'usb_cam' build argument 'ament_cmake_args' from command line to 'None'
[0.636s] Level 5:colcon.colcon_core.verb:set package 'usb_cam' build argument 'catkin_cmake_args' from command line to 'None'
[0.636s] Level 5:colcon.colcon_core.verb:set package 'usb_cam' build argument 'catkin_skip_building_tests' from command line to 'False'
[0.636s] DEBUG:colcon.colcon_core.verb:Building package 'usb_cam' with the following arguments: {'ament_cmake_args': None, 'build_base': '/ros2_ws/build/usb_cam', 'catkin_cmake_args': None, 'catkin_skip_building_tests': False, 'cmake_args': None, 'cmake_clean_cache': False, 'cmake_clean_first': False, 'cmake_force_configure': False, 'cmake_target': None, 'cmake_target_skip_unavailable': False, 'install_base': '/ros2_ws/install/usb_cam', 'merge_install': False, 'path': '/ros2_ws/src/usb_cam', 'symlink_install': False, 'test_result_base': None}
[0.637s] Level 5:colcon.colcon_core.verb:set package 'yolo_msgs' build argument 'cmake_args' from command line to 'None'
[0.637s] Level 5:colcon.colcon_core.verb:set package 'yolo_msgs' build argument 'cmake_target' from command line to 'None'
[0.637s] Level 5:colcon.colcon_core.verb:set package 'yolo_msgs' build argument 'cmake_target_skip_unavailable' from command line to 'False'
[0.637s] Level 5:colcon.colcon_core.verb:set package 'yolo_msgs' build argument 'cmake_clean_cache' from command line to 'False'
[0.637s] Level 5:colcon.colcon_core.verb:set package 'yolo_msgs' build argument 'cmake_clean_first' from command line to 'False'
[0.637s] Level 5:colcon.colcon_core.verb:set package 'yolo_msgs' build argument 'cmake_force_configure' from command line to 'False'
[0.637s] Level 5:colcon.colcon_core.verb:set package 'yolo_msgs' build argument 'ament_cmake_args' from command line to 'None'
[0.637s] Level 5:colcon.colcon_core.verb:set package 'yolo_msgs' build argument 'catkin_cmake_args' from command line to 'None'
[0.637s] Level 5:colcon.colcon_core.verb:set package 'yolo_msgs' build argument 'catkin_skip_building_tests' from command line to 'False'
[0.637s] DEBUG:colcon.colcon_core.verb:Building package 'yolo_msgs' with the following arguments: {'ament_cmake_args': None, 'build_base': '/ros2_ws/build/yolo_msgs', 'catkin_cmake_args': None, 'catkin_skip_building_tests': False, 'cmake_args': None, 'cmake_clean_cache': False, 'cmake_clean_first': False, 'cmake_force_configure': False, 'cmake_target': None, 'cmake_target_skip_unavailable': False, 'install_base': '/ros2_ws/install/yolo_msgs', 'merge_install': False, 'path': '/ros2_ws/src/yolo_ros/yolo_msgs', 'symlink_install': False, 'test_result_base': None}
[0.637s] Level 5:colcon.colcon_core.verb:set package 'yolo_ros' build argument 'cmake_args' from command line to 'None'
[0.637s] Level 5:colcon.colcon_core.verb:set package 'yolo_ros' build argument 'cmake_target' from command line to 'None'
[0.637s] Level 5:colcon.colcon_core.verb:set package 'yolo_ros' build argument 'cmake_target_skip_unavailable' from command line to 'False'
[0.637s] Level 5:colcon.colcon_core.verb:set package 'yolo_ros' build argument 'cmake_clean_cache' from command line to 'False'
[0.638s] Level 5:colcon.colcon_core.verb:set package 'yolo_ros' build argument 'cmake_clean_first' from command line to 'False'
[0.638s] Level 5:colcon.colcon_core.verb:set package 'yolo_ros' build argument 'cmake_force_configure' from command line to 'False'
[0.638s] Level 5:colcon.colcon_core.verb:set package 'yolo_ros' build argument 'ament_cmake_args' from command line to 'None'
[0.638s] Level 5:colcon.colcon_core.verb:set package 'yolo_ros' build argument 'catkin_cmake_args' from command line to 'None'
[0.638s] Level 5:colcon.colcon_core.verb:set package 'yolo_ros' build argument 'catkin_skip_building_tests' from command line to 'False'
[0.638s] DEBUG:colcon.colcon_core.verb:Building package 'yolo_ros' with the following arguments: {'ament_cmake_args': None, 'build_base': '/ros2_ws/build/yolo_ros', 'catkin_cmake_args': None, 'catkin_skip_building_tests': False, 'cmake_args': None, 'cmake_clean_cache': False, 'cmake_clean_first': False, 'cmake_force_configure': False, 'cmake_target': None, 'cmake_target_skip_unavailable': False, 'install_base': '/ros2_ws/install/yolo_ros', 'merge_install': False, 'path': '/ros2_ws/src/yolo_ros/yolo_ros', 'symlink_install': False, 'test_result_base': None}
[0.638s] Level 5:colcon.colcon_core.verb:set package 'yolo_bringup' build argument 'cmake_args' from command line to 'None'
[0.638s] Level 5:colcon.colcon_core.verb:set package 'yolo_bringup' build argument 'cmake_target' from command line to 'None'
[0.638s] Level 5:colcon.colcon_core.verb:set package 'yolo_bringup' build argument 'cmake_target_skip_unavailable' from command line to 'False'
[0.638s] Level 5:colcon.colcon_core.verb:set package 'yolo_bringup' build argument 'cmake_clean_cache' from command line to 'False'
[0.638s] Level 5:colcon.colcon_core.verb:set package 'yolo_bringup' build argument 'cmake_clean_first' from command line to 'False'
[0.638s] Level 5:colcon.colcon_core.verb:set package 'yolo_bringup' build argument 'cmake_force_configure' from command line to 'False'
[0.638s] Level 5:colcon.colcon_core.verb:set package 'yolo_bringup' build argument 'ament_cmake_args' from command line to 'None'
[0.638s] Level 5:colcon.colcon_core.verb:set package 'yolo_bringup' build argument 'catkin_cmake_args' from command line to 'None'
[0.638s] Level 5:colcon.colcon_core.verb:set package 'yolo_bringup' build argument 'catkin_skip_building_tests' from command line to 'False'
[0.638s] DEBUG:colcon.colcon_core.verb:Building package 'yolo_bringup' with the following arguments: {'ament_cmake_args': None, 'build_base': '/ros2_ws/build/yolo_bringup', 'catkin_cmake_args': None, 'catkin_skip_building_tests': False, 'cmake_args': None, 'cmake_clean_cache': False, 'cmake_clean_first': False, 'cmake_force_configure': False, 'cmake_target': None, 'cmake_target_skip_unavailable': False, 'install_base': '/ros2_ws/install/yolo_bringup', 'merge_install': False, 'path': '/ros2_ws/src/yolo_ros/yolo_bringup', 'symlink_install': False, 'test_result_base': None}
[0.639s] INFO:colcon.colcon_core.executor:Executing jobs using 'parallel' executor
[0.640s] DEBUG:colcon.colcon_parallel_executor.executor.parallel:run_until_complete
[0.641s] INFO:colcon.colcon_ros.task.ament_cmake.build:Building ROS package in '/ros2_ws/src/yolo_ros/yolo_msgs' with build type 'ament_cmake'
[0.642s] INFO:colcon.colcon_cmake.task.cmake.build:Building CMake package in '/ros2_ws/src/yolo_ros/yolo_msgs'
[0.658s] INFO:colcon.colcon_core.plugin_system:Skipping extension 'colcon_core.shell.bat': Not used on non-Windows systems
[0.658s] INFO:colcon.colcon_core.shell:Skip shell extension 'powershell' for command environment: Not usable outside of PowerShell
[0.658s] DEBUG:colcon.colcon_core.shell:Skip shell extension 'dsv' for command environment
[0.670s] INFO:colcon.colcon_ros.task.ament_cmake.build:Building ROS package in '/ros2_ws/src/usb_cam' with build type 'ament_cmake'
[0.671s] INFO:colcon.colcon_cmake.task.cmake.build:Building CMake package in '/ros2_ws/src/usb_cam'
[0.672s] INFO:colcon.colcon_core.shell:Skip shell extension 'powershell' for command environment: Not usable outside of PowerShell
[0.673s] DEBUG:colcon.colcon_core.shell:Skip shell extension 'dsv' for command environment
[0.692s] DEBUG:colcon.colcon_core.event_handler.log_command:Invoking command in '/ros2_ws/build/yolo_msgs': CMAKE_PREFIX_PATH=/opt/ros/humble /usr/bin/cmake /ros2_ws/src/yolo_ros/yolo_msgs -DCMAKE_INSTALL_PREFIX=/ros2_ws/install/yolo_msgs
[0.708s] DEBUG:colcon.colcon_core.event_handler.log_command:Invoking command in '/ros2_ws/build/usb_cam': CMAKE_PREFIX_PATH=/opt/ros/humble /usr/bin/cmake /ros2_ws/src/usb_cam -DCMAKE_INSTALL_PREFIX=/ros2_ws/install/usb_cam
[3.685s] DEBUG:colcon.colcon_core.event_handler.log_command:Invoked command in '/ros2_ws/build/usb_cam' returned '0': CMAKE_PREFIX_PATH=/opt/ros/humble /usr/bin/cmake /ros2_ws/src/usb_cam -DCMAKE_INSTALL_PREFIX=/ros2_ws/install/usb_cam
[3.686s] DEBUG:colcon.colcon_core.event_handler.log_command:Invoking command in '/ros2_ws/build/usb_cam': CMAKE_PREFIX_PATH=/opt/ros/humble /usr/bin/cmake --build /ros2_ws/build/usb_cam -- -j16 -l16
[3.905s] DEBUG:colcon.colcon_core.event_handler.log_command:Invoked command in '/ros2_ws/build/yolo_msgs' returned '0': CMAKE_PREFIX_PATH=/opt/ros/humble /usr/bin/cmake /ros2_ws/src/yolo_ros/yolo_msgs -DCMAKE_INSTALL_PREFIX=/ros2_ws/install/yolo_msgs
[3.907s] DEBUG:colcon.colcon_core.event_handler.log_command:Invoking command in '/ros2_ws/build/yolo_msgs': CMAKE_PREFIX_PATH=/opt/ros/humble /usr/bin/cmake --build /ros2_ws/build/yolo_msgs -- -j16 -l16
[11.995s] DEBUG:colcon.colcon_core.event_handler.log_command:Invoked command in '/ros2_ws/build/yolo_msgs' returned '0': CMAKE_PREFIX_PATH=/opt/ros/humble /usr/bin/cmake --build /ros2_ws/build/yolo_msgs -- -j16 -l16
[12.010s] DEBUG:colcon.colcon_core.event_handler.log_command:Invoking command in '/ros2_ws/build/yolo_msgs': CMAKE_PREFIX_PATH=/opt/ros/humble /usr/bin/cmake --install /ros2_ws/build/yolo_msgs
[12.210s] Level 1:colcon.colcon_core.environment:create_environment_scripts_only(yolo_msgs)
[12.210s] DEBUG:colcon.colcon_core.event_handler.log_command:Invoked command in '/ros2_ws/build/yolo_msgs' returned '0': CMAKE_PREFIX_PATH=/opt/ros/humble /usr/bin/cmake --install /ros2_ws/build/yolo_msgs
[12.217s] Level 1:colcon.colcon_core.environment:checking '/ros2_ws/install/yolo_msgs' for CMake module files
[12.217s] Level 1:colcon.colcon_core.environment:checking '/ros2_ws/install/yolo_msgs' for CMake config files
[12.218s] Level 1:colcon.colcon_core.shell:create_environment_hook('yolo_msgs', 'cmake_prefix_path')
[12.218s] INFO:colcon.colcon_core.shell:Creating environment hook '/ros2_ws/install/yolo_msgs/share/yolo_msgs/hook/cmake_prefix_path.ps1'
[12.220s] INFO:colcon.colcon_core.shell:Creating environment descriptor '/ros2_ws/install/yolo_msgs/share/yolo_msgs/hook/cmake_prefix_path.dsv'
[12.221s] INFO:colcon.colcon_core.shell:Creating environment hook '/ros2_ws/install/yolo_msgs/share/yolo_msgs/hook/cmake_prefix_path.sh'
[12.222s] Level 1:colcon.colcon_core.environment:checking '/ros2_ws/install/yolo_msgs/lib'
[12.222s] Level 1:colcon.colcon_core.shell:create_environment_hook('yolo_msgs', 'ld_library_path_lib')
[12.222s] INFO:colcon.colcon_core.shell:Creating environment hook '/ros2_ws/install/yolo_msgs/share/yolo_msgs/hook/ld_library_path_lib.ps1'
[12.223s] INFO:colcon.colcon_core.shell:Creating environment descriptor '/ros2_ws/install/yolo_msgs/share/yolo_msgs/hook/ld_library_path_lib.dsv'
[12.223s] INFO:colcon.colcon_core.shell:Creating environment hook '/ros2_ws/install/yolo_msgs/share/yolo_msgs/hook/ld_library_path_lib.sh'
[12.223s] Level 1:colcon.colcon_core.environment:checking '/ros2_ws/install/yolo_msgs/bin'
[12.223s] Level 1:colcon.colcon_core.environment:checking '/ros2_ws/install/yolo_msgs/lib/pkgconfig/yolo_msgs.pc'
[12.225s] Level 1:colcon.colcon_core.environment:checking '/ros2_ws/install/yolo_msgs/lib/python3.10/site-packages'
[12.226s] Level 1:colcon.colcon_core.environment:checking '/ros2_ws/install/yolo_msgs/bin'
[12.226s] INFO:colcon.colcon_core.shell:Creating package script '/ros2_ws/install/yolo_msgs/share/yolo_msgs/package.ps1'
[12.229s] INFO:colcon.colcon_core.shell:Creating package descriptor '/ros2_ws/install/yolo_msgs/share/yolo_msgs/package.dsv'
[12.230s] INFO:colcon.colcon_core.shell:Creating package script '/ros2_ws/install/yolo_msgs/share/yolo_msgs/package.sh'
[12.231s] INFO:colcon.colcon_core.shell:Creating package script '/ros2_ws/install/yolo_msgs/share/yolo_msgs/package.bash'
[12.231s] INFO:colcon.colcon_core.shell:Creating package script '/ros2_ws/install/yolo_msgs/share/yolo_msgs/package.zsh'
[12.232s] Level 1:colcon.colcon_core.environment:create_file_with_runtime_dependencies(/ros2_ws/install/yolo_msgs/share/colcon-core/packages/yolo_msgs)
[12.234s] Level 1:colcon.colcon_core.environment:create_environment_scripts_only(yolo_msgs)
[12.234s] Level 1:colcon.colcon_core.environment:checking '/ros2_ws/install/yolo_msgs' for CMake module files
[12.235s] Level 1:colcon.colcon_core.environment:checking '/ros2_ws/install/yolo_msgs' for CMake config files
[12.236s] Level 1:colcon.colcon_core.shell:create_environment_hook('yolo_msgs', 'cmake_prefix_path')
[12.236s] INFO:colcon.colcon_core.shell:Creating environment hook '/ros2_ws/install/yolo_msgs/share/yolo_msgs/hook/cmake_prefix_path.ps1'
[12.236s] INFO:colcon.colcon_core.shell:Creating environment descriptor '/ros2_ws/install/yolo_msgs/share/yolo_msgs/hook/cmake_prefix_path.dsv'
[12.237s] INFO:colcon.colcon_core.shell:Creating environment hook '/ros2_ws/install/yolo_msgs/share/yolo_msgs/hook/cmake_prefix_path.sh'
[12.237s] Level 1:colcon.colcon_core.environment:checking '/ros2_ws/install/yolo_msgs/lib'
[12.237s] Level 1:colcon.colcon_core.shell:create_environment_hook('yolo_msgs', 'ld_library_path_lib')
[12.237s] INFO:colcon.colcon_core.shell:Creating environment hook '/ros2_ws/install/yolo_msgs/share/yolo_msgs/hook/ld_library_path_lib.ps1'
[12.238s] INFO:colcon.colcon_core.shell:Creating environment descriptor '/ros2_ws/install/yolo_msgs/share/yolo_msgs/hook/ld_library_path_lib.dsv'
[12.238s] INFO:colcon.colcon_core.shell:Creating environment hook '/ros2_ws/install/yolo_msgs/share/yolo_msgs/hook/ld_library_path_lib.sh'
[12.238s] Level 1:colcon.colcon_core.environment:checking '/ros2_ws/install/yolo_msgs/bin'
[12.239s] Level 1:colcon.colcon_core.environment:checking '/ros2_ws/install/yolo_msgs/lib/pkgconfig/yolo_msgs.pc'
[12.239s] Level 1:colcon.colcon_core.environment:checking '/ros2_ws/install/yolo_msgs/lib/python3.10/site-packages'
[12.239s] Level 1:colcon.colcon_core.environment:checking '/ros2_ws/install/yolo_msgs/bin'
[12.239s] INFO:colcon.colcon_core.shell:Creating package script '/ros2_ws/install/yolo_msgs/share/yolo_msgs/package.ps1'
[12.240s] INFO:colcon.colcon_core.shell:Creating package descriptor '/ros2_ws/install/yolo_msgs/share/yolo_msgs/package.dsv'
[12.240s] INFO:colcon.colcon_core.shell:Creating package script '/ros2_ws/install/yolo_msgs/share/yolo_msgs/package.sh'
[12.241s] INFO:colcon.colcon_core.shell:Creating package script '/ros2_ws/install/yolo_msgs/share/yolo_msgs/package.bash'
[12.241s] INFO:colcon.colcon_core.shell:Creating package script '/ros2_ws/install/yolo_msgs/share/yolo_msgs/package.zsh'
[12.242s] Level 1:colcon.colcon_core.environment:create_file_with_runtime_dependencies(/ros2_ws/install/yolo_msgs/share/colcon-core/packages/yolo_msgs)
[12.242s] INFO:colcon.colcon_ros.task.ament_python.build:Building ROS package in '/ros2_ws/src/yolo_ros/yolo_ros' with build type 'ament_python'
[12.243s] Level 1:colcon.colcon_core.shell:create_environment_hook('yolo_ros', 'ament_prefix_path')
[12.243s] INFO:colcon.colcon_core.shell:Creating environment hook '/ros2_ws/install/yolo_ros/share/yolo_ros/hook/ament_prefix_path.ps1'
[12.246s] INFO:colcon.colcon_core.shell:Creating environment descriptor '/ros2_ws/install/yolo_ros/share/yolo_ros/hook/ament_prefix_path.dsv'
[12.247s] INFO:colcon.colcon_core.shell:Creating environment hook '/ros2_ws/install/yolo_ros/share/yolo_ros/hook/ament_prefix_path.sh'
[12.248s] INFO:colcon.colcon_core.shell:Skip shell extension 'powershell' for command environment: Not usable outside of PowerShell
[12.248s] DEBUG:colcon.colcon_core.shell:Skip shell extension 'dsv' for command environment
[12.536s] INFO:colcon.colcon_core.task.python.build:Building Python package in '/ros2_ws/src/yolo_ros/yolo_ros'
[12.537s] INFO:colcon.colcon_core.shell:Skip shell extension 'powershell' for command environment: Not usable outside of PowerShell
[12.537s] DEBUG:colcon.colcon_core.shell:Skip shell extension 'dsv' for command environment
[12.909s] DEBUG:colcon.colcon_core.event_handler.log_command:Invoking command in '/ros2_ws/src/yolo_ros/yolo_ros': AMENT_PREFIX_PATH=/ros2_ws/install/yolo_msgs:${AMENT_PREFIX_PATH} CMAKE_PREFIX_PATH=/ros2_ws/install/yolo_msgs LD_LIBRARY_PATH=/ros2_ws/install/yolo_msgs/lib:${LD_LIBRARY_PATH} PYTHONPATH=/ros2_ws/build/yolo_ros/prefix_override:/usr/lib/python3/dist-packages/colcon_core/task/python/colcon_distutils_commands:/ros2_ws/install/yolo_ros/lib/python3.10/site-packages:/ros2_ws/install/yolo_msgs/local/lib/python3.10/dist-packages:${PYTHONPATH} /usr/bin/python3 -W ignore:setup.py install is deprecated -W ignore:easy_install command is deprecated setup.py egg_info --egg-base ../../../build/yolo_ros build --build-base /ros2_ws/build/yolo_ros/build install --record /ros2_ws/build/yolo_ros/install.log --single-version-externally-managed install_data
[13.240s] Level 1:colcon.colcon_core.environment:checking '/ros2_ws/install/yolo_ros' for CMake module files
[13.241s] DEBUG:colcon.colcon_core.event_handler.log_command:Invoked command in '/ros2_ws/src/yolo_ros/yolo_ros' returned '0': AMENT_PREFIX_PATH=/ros2_ws/install/yolo_msgs:${AMENT_PREFIX_PATH} CMAKE_PREFIX_PATH=/ros2_ws/install/yolo_msgs LD_LIBRARY_PATH=/ros2_ws/install/yolo_msgs/lib:${LD_LIBRARY_PATH} PYTHONPATH=/ros2_ws/build/yolo_ros/prefix_override:/usr/lib/python3/dist-packages/colcon_core/task/python/colcon_distutils_commands:/ros2_ws/install/yolo_ros/lib/python3.10/site-packages:/ros2_ws/install/yolo_msgs/local/lib/python3.10/dist-packages:${PYTHONPATH} /usr/bin/python3 -W ignore:setup.py install is deprecated -W ignore:easy_install command is deprecated setup.py egg_info --egg-base ../../../build/yolo_ros build --build-base /ros2_ws/build/yolo_ros/build install --record /ros2_ws/build/yolo_ros/install.log --single-version-externally-managed install_data
[13.241s] Level 1:colcon.colcon_core.environment:checking '/ros2_ws/install/yolo_ros' for CMake config files
[13.242s] Level 1:colcon.colcon_core.environment:checking '/ros2_ws/install/yolo_ros/lib'
[13.242s] Level 1:colcon.colcon_core.environment:checking '/ros2_ws/install/yolo_ros/bin'
[13.242s] Level 1:colcon.colcon_core.environment:checking '/ros2_ws/install/yolo_ros/lib/pkgconfig/yolo_ros.pc'
[13.242s] Level 1:colcon.colcon_core.environment:checking '/ros2_ws/install/yolo_ros/lib/python3.10/site-packages'
[13.242s] Level 1:colcon.colcon_core.shell:create_environment_hook('yolo_ros', 'pythonpath')
[13.243s] INFO:colcon.colcon_core.shell:Creating environment hook '/ros2_ws/install/yolo_ros/share/yolo_ros/hook/pythonpath.ps1'
[13.243s] INFO:colcon.colcon_core.shell:Creating environment descriptor '/ros2_ws/install/yolo_ros/share/yolo_ros/hook/pythonpath.dsv'
[13.244s] INFO:colcon.colcon_core.shell:Creating environment hook '/ros2_ws/install/yolo_ros/share/yolo_ros/hook/pythonpath.sh'
[13.244s] Level 1:colcon.colcon_core.environment:checking '/ros2_ws/install/yolo_ros/bin'
[13.244s] Level 1:colcon.colcon_core.environment:create_environment_scripts_only(yolo_ros)
[13.245s] INFO:colcon.colcon_core.shell:Creating package script '/ros2_ws/install/yolo_ros/share/yolo_ros/package.ps1'
[13.245s] INFO:colcon.colcon_core.shell:Creating package descriptor '/ros2_ws/install/yolo_ros/share/yolo_ros/package.dsv'
[13.246s] INFO:colcon.colcon_core.shell:Creating package script '/ros2_ws/install/yolo_ros/share/yolo_ros/package.sh'
[13.246s] INFO:colcon.colcon_core.shell:Creating package script '/ros2_ws/install/yolo_ros/share/yolo_ros/package.bash'
[13.246s] INFO:colcon.colcon_core.shell:Creating package script '/ros2_ws/install/yolo_ros/share/yolo_ros/package.zsh'
[13.247s] Level 1:colcon.colcon_core.environment:create_file_with_runtime_dependencies(/ros2_ws/install/yolo_ros/share/colcon-core/packages/yolo_ros)
[13.248s] INFO:colcon.colcon_ros.task.ament_cmake.build:Building ROS package in '/ros2_ws/src/yolo_ros/yolo_bringup' with build type 'ament_cmake'
[13.249s] INFO:colcon.colcon_cmake.task.cmake.build:Building CMake package in '/ros2_ws/src/yolo_ros/yolo_bringup'
[13.249s] INFO:colcon.colcon_core.shell:Skip shell extension 'powershell' for command environment: Not usable outside of PowerShell
[13.249s] DEBUG:colcon.colcon_core.shell:Skip shell extension 'dsv' for command environment
[13.267s] DEBUG:colcon.colcon_core.event_handler.log_command:Invoking command in '/ros2_ws/build/yolo_bringup': AMENT_PREFIX_PATH=/ros2_ws/install/yolo_ros:/ros2_ws/install/yolo_msgs:${AMENT_PREFIX_PATH} CMAKE_PREFIX_PATH=/ros2_ws/install/yolo_msgs:/opt/ros/humble LD_LIBRARY_PATH=/ros2_ws/install/yolo_msgs/lib:${LD_LIBRARY_PATH} PYTHONPATH=/ros2_ws/install/yolo_ros/lib/python3.10/site-packages:/ros2_ws/install/yolo_msgs/local/lib/python3.10/dist-packages:${PYTHONPATH} /usr/bin/cmake /ros2_ws/src/yolo_ros/yolo_bringup -DCMAKE_INSTALL_PREFIX=/ros2_ws/install/yolo_bringup
[13.969s] DEBUG:colcon.colcon_core.event_handler.log_command:Invoked command in '/ros2_ws/build/yolo_bringup' returned '0': AMENT_PREFIX_PATH=/ros2_ws/install/yolo_ros:/ros2_ws/install/yolo_msgs:${AMENT_PREFIX_PATH} CMAKE_PREFIX_PATH=/ros2_ws/install/yolo_msgs:/opt/ros/humble LD_LIBRARY_PATH=/ros2_ws/install/yolo_msgs/lib:${LD_LIBRARY_PATH} PYTHONPATH=/ros2_ws/install/yolo_ros/lib/python3.10/site-packages:/ros2_ws/install/yolo_msgs/local/lib/python3.10/dist-packages:${PYTHONPATH} /usr/bin/cmake /ros2_ws/src/yolo_ros/yolo_bringup -DCMAKE_INSTALL_PREFIX=/ros2_ws/install/yolo_bringup
[13.971s] DEBUG:colcon.colcon_core.event_handler.log_command:Invoking command in '/ros2_ws/build/yolo_bringup': AMENT_PREFIX_PATH=/ros2_ws/install/yolo_ros:/ros2_ws/install/yolo_msgs:${AMENT_PREFIX_PATH} CMAKE_PREFIX_PATH=/ros2_ws/install/yolo_msgs:/opt/ros/humble LD_LIBRARY_PATH=/ros2_ws/install/yolo_msgs/lib:${LD_LIBRARY_PATH} PYTHONPATH=/ros2_ws/install/yolo_ros/lib/python3.10/site-packages:/ros2_ws/install/yolo_msgs/local/lib/python3.10/dist-packages:${PYTHONPATH} /usr/bin/cmake --build /ros2_ws/build/yolo_bringup -- -j16 -l16
[14.019s] DEBUG:colcon.colcon_core.event_handler.log_command:Invoked command in '/ros2_ws/build/yolo_bringup' returned '0': AMENT_PREFIX_PATH=/ros2_ws/install/yolo_ros:/ros2_ws/install/yolo_msgs:${AMENT_PREFIX_PATH} CMAKE_PREFIX_PATH=/ros2_ws/install/yolo_msgs:/opt/ros/humble LD_LIBRARY_PATH=/ros2_ws/install/yolo_msgs/lib:${LD_LIBRARY_PATH} PYTHONPATH=/ros2_ws/install/yolo_ros/lib/python3.10/site-packages:/ros2_ws/install/yolo_msgs/local/lib/python3.10/dist-packages:${PYTHONPATH} /usr/bin/cmake --build /ros2_ws/build/yolo_bringup -- -j16 -l16
[14.021s] DEBUG:colcon.colcon_core.event_handler.log_command:Invoking command in '/ros2_ws/build/yolo_bringup': AMENT_PREFIX_PATH=/ros2_ws/install/yolo_ros:/ros2_ws/install/yolo_msgs:${AMENT_PREFIX_PATH} CMAKE_PREFIX_PATH=/ros2_ws/install/yolo_msgs:/opt/ros/humble LD_LIBRARY_PATH=/ros2_ws/install/yolo_msgs/lib:${LD_LIBRARY_PATH} PYTHONPATH=/ros2_ws/install/yolo_ros/lib/python3.10/site-packages:/ros2_ws/install/yolo_msgs/local/lib/python3.10/dist-packages:${PYTHONPATH} /usr/bin/cmake --install /ros2_ws/build/yolo_bringup
[14.047s] Level 1:colcon.colcon_core.environment:create_environment_scripts_only(yolo_bringup)
[14.047s] Level 1:colcon.colcon_core.environment:checking '/ros2_ws/install/yolo_bringup' for CMake module files
[14.048s] DEBUG:colcon.colcon_core.event_handler.log_command:Invoked command in '/ros2_ws/build/yolo_bringup' returned '0': AMENT_PREFIX_PATH=/ros2_ws/install/yolo_ros:/ros2_ws/install/yolo_msgs:${AMENT_PREFIX_PATH} CMAKE_PREFIX_PATH=/ros2_ws/install/yolo_msgs:/opt/ros/humble LD_LIBRARY_PATH=/ros2_ws/install/yolo_msgs/lib:${LD_LIBRARY_PATH} PYTHONPATH=/ros2_ws/install/yolo_ros/lib/python3.10/site-packages:/ros2_ws/install/yolo_msgs/local/lib/python3.10/dist-packages:${PYTHONPATH} /usr/bin/cmake --install /ros2_ws/build/yolo_bringup
[14.048s] Level 1:colcon.colcon_core.environment:checking '/ros2_ws/install/yolo_bringup' for CMake config files
[14.048s] Level 1:colcon.colcon_core.shell:create_environment_hook('yolo_bringup', 'cmake_prefix_path')
[14.049s] INFO:colcon.colcon_core.shell:Creating environment hook '/ros2_ws/install/yolo_bringup/share/yolo_bringup/hook/cmake_prefix_path.ps1'
[14.050s] INFO:colcon.colcon_core.shell:Creating environment descriptor '/ros2_ws/install/yolo_bringup/share/yolo_bringup/hook/cmake_prefix_path.dsv'
[14.050s] INFO:colcon.colcon_core.shell:Creating environment hook '/ros2_ws/install/yolo_bringup/share/yolo_bringup/hook/cmake_prefix_path.sh'
[14.051s] Level 1:colcon.colcon_core.environment:checking '/ros2_ws/install/yolo_bringup/bin'
[14.051s] Level 1:colcon.colcon_core.environment:checking '/ros2_ws/install/yolo_bringup/lib/pkgconfig/yolo_bringup.pc'
[14.051s] Level 1:colcon.colcon_core.environment:checking '/ros2_ws/install/yolo_bringup/lib/python3.10/site-packages'
[14.052s] Level 1:colcon.colcon_core.environment:checking '/ros2_ws/install/yolo_bringup/bin'
[14.052s] INFO:colcon.colcon_core.shell:Creating package script '/ros2_ws/install/yolo_bringup/share/yolo_bringup/package.ps1'
[14.052s] INFO:colcon.colcon_core.shell:Creating package descriptor '/ros2_ws/install/yolo_bringup/share/yolo_bringup/package.dsv'
[14.053s] INFO:colcon.colcon_core.shell:Creating package script '/ros2_ws/install/yolo_bringup/share/yolo_bringup/package.sh'
[14.053s] INFO:colcon.colcon_core.shell:Creating package script '/ros2_ws/install/yolo_bringup/share/yolo_bringup/package.bash'
[14.053s] INFO:colcon.colcon_core.shell:Creating package script '/ros2_ws/install/yolo_bringup/share/yolo_bringup/package.zsh'
[14.054s] Level 1:colcon.colcon_core.environment:create_file_with_runtime_dependencies(/ros2_ws/install/yolo_bringup/share/colcon-core/packages/yolo_bringup)
[14.055s] Level 1:colcon.colcon_core.environment:create_environment_scripts_only(yolo_bringup)
[14.056s] Level 1:colcon.colcon_core.environment:checking '/ros2_ws/install/yolo_bringup' for CMake module files
[14.056s] Level 1:colcon.colcon_core.environment:checking '/ros2_ws/install/yolo_bringup' for CMake config files
[14.057s] Level 1:colcon.colcon_core.shell:create_environment_hook('yolo_bringup', 'cmake_prefix_path')
[14.057s] INFO:colcon.colcon_core.shell:Creating environment hook '/ros2_ws/install/yolo_bringup/share/yolo_bringup/hook/cmake_prefix_path.ps1'
[14.058s] INFO:colcon.colcon_core.shell:Creating environment descriptor '/ros2_ws/install/yolo_bringup/share/yolo_bringup/hook/cmake_prefix_path.dsv'
[14.058s] INFO:colcon.colcon_core.shell:Creating environment hook '/ros2_ws/install/yolo_bringup/share/yolo_bringup/hook/cmake_prefix_path.sh'
[14.059s] Level 1:colcon.colcon_core.environment:checking '/ros2_ws/install/yolo_bringup/bin'
[14.059s] Level 1:colcon.colcon_core.environment:checking '/ros2_ws/install/yolo_bringup/lib/pkgconfig/yolo_bringup.pc'
[14.059s] Level 1:colcon.colcon_core.environment:checking '/ros2_ws/install/yolo_bringup/lib/python3.10/site-packages'
[14.059s] Level 1:colcon.colcon_core.environment:checking '/ros2_ws/install/yolo_bringup/bin'
[14.059s] INFO:colcon.colcon_core.shell:Creating package script '/ros2_ws/install/yolo_bringup/share/yolo_bringup/package.ps1'
[14.060s] INFO:colcon.colcon_core.shell:Creating package descriptor '/ros2_ws/install/yolo_bringup/share/yolo_bringup/package.dsv'
[14.060s] INFO:colcon.colcon_core.shell:Creating package script '/ros2_ws/install/yolo_bringup/share/yolo_bringup/package.sh'
[14.061s] INFO:colcon.colcon_core.shell:Creating package script '/ros2_ws/install/yolo_bringup/share/yolo_bringup/package.bash'
[14.061s] INFO:colcon.colcon_core.shell:Creating package script '/ros2_ws/install/yolo_bringup/share/yolo_bringup/package.zsh'
[14.062s] Level 1:colcon.colcon_core.environment:create_file_with_runtime_dependencies(/ros2_ws/install/yolo_bringup/share/colcon-core/packages/yolo_bringup)
[17.269s] DEBUG:colcon.colcon_core.event_handler.log_command:Invoked command in '/ros2_ws/build/usb_cam' returned '0': CMAKE_PREFIX_PATH=/opt/ros/humble /usr/bin/cmake --build /ros2_ws/build/usb_cam -- -j16 -l16
[17.271s] DEBUG:colcon.colcon_core.event_handler.log_command:Invoking command in '/ros2_ws/build/usb_cam': CMAKE_PREFIX_PATH=/opt/ros/humble /usr/bin/cmake --install /ros2_ws/build/usb_cam
[17.309s] Level 1:colcon.colcon_core.environment:create_environment_scripts_only(usb_cam)
[17.309s] Level 1:colcon.colcon_core.environment:checking '/ros2_ws/install/usb_cam' for CMake module files
[17.310s] DEBUG:colcon.colcon_core.event_handler.log_command:Invoked command in '/ros2_ws/build/usb_cam' returned '0': CMAKE_PREFIX_PATH=/opt/ros/humble /usr/bin/cmake --install /ros2_ws/build/usb_cam
[17.310s] Level 1:colcon.colcon_core.environment:checking '/ros2_ws/install/usb_cam' for CMake config files
[17.310s] Level 1:colcon.colcon_core.shell:create_environment_hook('usb_cam', 'cmake_prefix_path')
[17.310s] INFO:colcon.colcon_core.shell:Creating environment hook '/ros2_ws/install/usb_cam/share/usb_cam/hook/cmake_prefix_path.ps1'
[17.311s] INFO:colcon.colcon_core.shell:Creating environment descriptor '/ros2_ws/install/usb_cam/share/usb_cam/hook/cmake_prefix_path.dsv'
[17.312s] INFO:colcon.colcon_core.shell:Creating environment hook '/ros2_ws/install/usb_cam/share/usb_cam/hook/cmake_prefix_path.sh'
[17.312s] Level 1:colcon.colcon_core.environment:checking '/ros2_ws/install/usb_cam/lib'
[17.312s] Level 1:colcon.colcon_core.shell:create_environment_hook('usb_cam', 'ld_library_path_lib')
[17.312s] INFO:colcon.colcon_core.shell:Creating environment hook '/ros2_ws/install/usb_cam/share/usb_cam/hook/ld_library_path_lib.ps1'
[17.313s] INFO:colcon.colcon_core.shell:Creating environment descriptor '/ros2_ws/install/usb_cam/share/usb_cam/hook/ld_library_path_lib.dsv'
[17.313s] INFO:colcon.colcon_core.shell:Creating environment hook '/ros2_ws/install/usb_cam/share/usb_cam/hook/ld_library_path_lib.sh'
[17.313s] Level 1:colcon.colcon_core.environment:checking '/ros2_ws/install/usb_cam/bin'
[17.313s] Level 1:colcon.colcon_core.environment:checking '/ros2_ws/install/usb_cam/lib/pkgconfig/usb_cam.pc'
[17.314s] Level 1:colcon.colcon_core.environment:checking '/ros2_ws/install/usb_cam/lib/python3.10/site-packages'
[17.314s] Level 1:colcon.colcon_core.environment:checking '/ros2_ws/install/usb_cam/bin'
[17.314s] INFO:colcon.colcon_core.shell:Creating package script '/ros2_ws/install/usb_cam/share/usb_cam/package.ps1'
[17.315s] INFO:colcon.colcon_core.shell:Creating package descriptor '/ros2_ws/install/usb_cam/share/usb_cam/package.dsv'
[17.315s] INFO:colcon.colcon_core.shell:Creating package script '/ros2_ws/install/usb_cam/share/usb_cam/package.sh'
[17.315s] INFO:colcon.colcon_core.shell:Creating package script '/ros2_ws/install/usb_cam/share/usb_cam/package.bash'
[17.316s] INFO:colcon.colcon_core.shell:Creating package script '/ros2_ws/install/usb_cam/share/usb_cam/package.zsh'
[17.316s] Level 1:colcon.colcon_core.environment:create_file_with_runtime_dependencies(/ros2_ws/install/usb_cam/share/colcon-core/packages/usb_cam)
[17.317s] Level 1:colcon.colcon_core.environment:create_environment_scripts_only(usb_cam)
[17.317s] Level 1:colcon.colcon_core.environment:checking '/ros2_ws/install/usb_cam' for CMake module files
[17.318s] Level 1:colcon.colcon_core.environment:checking '/ros2_ws/install/usb_cam' for CMake config files
[17.318s] Level 1:colcon.colcon_core.shell:create_environment_hook('usb_cam', 'cmake_prefix_path')
[17.318s] INFO:colcon.colcon_core.shell:Creating environment hook '/ros2_ws/install/usb_cam/share/usb_cam/hook/cmake_prefix_path.ps1'
[17.319s] INFO:colcon.colcon_core.shell:Creating environment descriptor '/ros2_ws/install/usb_cam/share/usb_cam/hook/cmake_prefix_path.dsv'
[17.319s] INFO:colcon.colcon_core.shell:Creating environment hook '/ros2_ws/install/usb_cam/share/usb_cam/hook/cmake_prefix_path.sh'
[17.320s] Level 1:colcon.colcon_core.environment:checking '/ros2_ws/install/usb_cam/lib'
[17.320s] Level 1:colcon.colcon_core.shell:create_environment_hook('usb_cam', 'ld_library_path_lib')
[17.320s] INFO:colcon.colcon_core.shell:Creating environment hook '/ros2_ws/install/usb_cam/share/usb_cam/hook/ld_library_path_lib.ps1'
[17.320s] INFO:colcon.colcon_core.shell:Creating environment descriptor '/ros2_ws/install/usb_cam/share/usb_cam/hook/ld_library_path_lib.dsv'
[17.321s] INFO:colcon.colcon_core.shell:Creating environment hook '/ros2_ws/install/usb_cam/share/usb_cam/hook/ld_library_path_lib.sh'
[17.321s] Level 1:colcon.colcon_core.environment:checking '/ros2_ws/install/usb_cam/bin'
[17.321s] Level 1:colcon.colcon_core.environment:checking '/ros2_ws/install/usb_cam/lib/pkgconfig/usb_cam.pc'
[17.321s] Level 1:colcon.colcon_core.environment:checking '/ros2_ws/install/usb_cam/lib/python3.10/site-packages'
[17.322s] Level 1:colcon.colcon_core.environment:checking '/ros2_ws/install/usb_cam/bin'
[17.322s] INFO:colcon.colcon_core.shell:Creating package script '/ros2_ws/install/usb_cam/share/usb_cam/package.ps1'
[17.323s] INFO:colcon.colcon_core.shell:Creating package descriptor '/ros2_ws/install/usb_cam/share/usb_cam/package.dsv'
[17.324s] INFO:colcon.colcon_core.shell:Creating package script '/ros2_ws/install/usb_cam/share/usb_cam/package.sh'
[17.324s] INFO:colcon.colcon_core.shell:Creating package script '/ros2_ws/install/usb_cam/share/usb_cam/package.bash'
[17.325s] INFO:colcon.colcon_core.shell:Creating package script '/ros2_ws/install/usb_cam/share/usb_cam/package.zsh'
[17.325s] Level 1:colcon.colcon_core.environment:create_file_with_runtime_dependencies(/ros2_ws/install/usb_cam/share/colcon-core/packages/usb_cam)
[17.326s] DEBUG:colcon.colcon_parallel_executor.executor.parallel:closing loop
[17.326s] DEBUG:colcon.colcon_parallel_executor.executor.parallel:loop closed
[17.326s] DEBUG:colcon.colcon_parallel_executor.executor.parallel:run_until_complete finished with '0'
[17.327s] DEBUG:colcon.colcon_core.event_reactor:joining thread
[17.339s] INFO:colcon.colcon_core.plugin_system:Skipping extension 'colcon_notification.desktop_notification.notify_send': Could not find 'notify-send'
[17.339s] INFO:colcon.colcon_core.plugin_system:Skipping extension 'colcon_notification.desktop_notification.terminal_notifier': Not used on non-Darwin systems
[17.339s] INFO:colcon.colcon_core.plugin_system:Skipping extension 'colcon_notification.desktop_notification.win32': Not used on non-Windows systems
[17.339s] INFO:colcon.colcon_notification.desktop_notification:Sending desktop notification using 'notify2'
[17.339s] DEBUG:colcon.colcon_notification.desktop_notification.notify2:Failed to initialize notify2: org.freedesktop.DBus.Error.NotSupported: Unable to autolaunch a dbus-daemon without a $DISPLAY for X11
[17.339s] DEBUG:colcon.colcon_core.event_reactor:joined thread
[17.340s] INFO:colcon.colcon_core.shell:Creating prefix script '/ros2_ws/install/local_setup.ps1'
[17.341s] INFO:colcon.colcon_core.shell:Creating prefix util module '/ros2_ws/install/_local_setup_util_ps1.py'
[17.342s] INFO:colcon.colcon_core.shell:Creating prefix chain script '/ros2_ws/install/setup.ps1'
[17.343s] INFO:colcon.colcon_core.shell:Creating prefix script '/ros2_ws/install/local_setup.sh'
[17.344s] INFO:colcon.colcon_core.shell:Creating prefix util module '/ros2_ws/install/_local_setup_util_sh.py'
[17.344s] INFO:colcon.colcon_core.shell:Creating prefix chain script '/ros2_ws/install/setup.sh'
[17.345s] INFO:colcon.colcon_core.shell:Creating prefix script '/ros2_ws/install/local_setup.bash'
[17.346s] INFO:colcon.colcon_core.shell:Creating prefix chain script '/ros2_ws/install/setup.bash'
[17.347s] INFO:colcon.colcon_core.shell:Creating prefix script '/ros2_ws/install/local_setup.zsh'
[17.348s] INFO:colcon.colcon_core.shell:Creating prefix chain script '/ros2_ws/install/setup.zsh'
