running egg_info
creating ../../../build/yolo_ros/yolo_ros.egg-info
writing ../../../build/yolo_ros/yolo_ros.egg-info/PKG-INFO
writing dependency_links to ../../../build/yolo_ros/yolo_ros.egg-info/dependency_links.txt
writing entry points to ../../../build/yolo_ros/yolo_ros.egg-info/entry_points.txt
writing requirements to ../../../build/yolo_ros/yolo_ros.egg-info/requires.txt
writing top-level names to ../../../build/yolo_ros/yolo_ros.egg-info/top_level.txt
writing manifest file '../../../build/yolo_ros/yolo_ros.egg-info/SOURCES.txt'
reading manifest file '../../../build/yolo_ros/yolo_ros.egg-info/SOURCES.txt'
writing manifest file '../../../build/yolo_ros/yolo_ros.egg-info/SOURCES.txt'
running build
running build_py
creating /ros2_ws/build/yolo_ros/build
creating /ros2_ws/build/yolo_ros/build/lib
creating /ros2_ws/build/yolo_ros/build/lib/yolo_ros
copying yolo_ros/__init__.py -> /ros2_ws/build/yolo_ros/build/lib/yolo_ros
copying yolo_ros/detect_3d_node.py -> /ros2_ws/build/yolo_ros/build/lib/yolo_ros
copying yolo_ros/debug_node.py -> /ros2_ws/build/yolo_ros/build/lib/yolo_ros
copying yolo_ros/tracking_node.py -> /ros2_ws/build/yolo_ros/build/lib/yolo_ros
copying yolo_ros/yolo_node.py -> /ros2_ws/build/yolo_ros/build/lib/yolo_ros
running install
running install_lib
creating /ros2_ws/install/yolo_ros/lib/python3.10/site-packages/yolo_ros
copying /ros2_ws/build/yolo_ros/build/lib/yolo_ros/__init__.py -> /ros2_ws/install/yolo_ros/lib/python3.10/site-packages/yolo_ros
copying /ros2_ws/build/yolo_ros/build/lib/yolo_ros/detect_3d_node.py -> /ros2_ws/install/yolo_ros/lib/python3.10/site-packages/yolo_ros
copying /ros2_ws/build/yolo_ros/build/lib/yolo_ros/debug_node.py -> /ros2_ws/install/yolo_ros/lib/python3.10/site-packages/yolo_ros
copying /ros2_ws/build/yolo_ros/build/lib/yolo_ros/tracking_node.py -> /ros2_ws/install/yolo_ros/lib/python3.10/site-packages/yolo_ros
copying /ros2_ws/build/yolo_ros/build/lib/yolo_ros/yolo_node.py -> /ros2_ws/install/yolo_ros/lib/python3.10/site-packages/yolo_ros
byte-compiling /ros2_ws/install/yolo_ros/lib/python3.10/site-packages/yolo_ros/__init__.py to __init__.cpython-310.pyc
byte-compiling /ros2_ws/install/yolo_ros/lib/python3.10/site-packages/yolo_ros/detect_3d_node.py to detect_3d_node.cpython-310.pyc
byte-compiling /ros2_ws/install/yolo_ros/lib/python3.10/site-packages/yolo_ros/debug_node.py to debug_node.cpython-310.pyc
byte-compiling /ros2_ws/install/yolo_ros/lib/python3.10/site-packages/yolo_ros/tracking_node.py to tracking_node.cpython-310.pyc
byte-compiling /ros2_ws/install/yolo_ros/lib/python3.10/site-packages/yolo_ros/yolo_node.py to yolo_node.cpython-310.pyc
running install_data
creating /ros2_ws/install/yolo_ros/share/ament_index
creating /ros2_ws/install/yolo_ros/share/ament_index/resource_index
creating /ros2_ws/install/yolo_ros/share/ament_index/resource_index/packages
copying resource/yolo_ros -> /ros2_ws/install/yolo_ros/share/ament_index/resource_index/packages
copying package.xml -> /ros2_ws/install/yolo_ros/share/yolo_ros
running install_egg_info
Copying ../../../build/yolo_ros/yolo_ros.egg-info to /ros2_ws/install/yolo_ros/lib/python3.10/site-packages/yolo_ros-4.6.0-py3.10.egg-info
running install_scripts
Installing debug_node script to /ros2_ws/install/yolo_ros/lib/yolo_ros
Installing detect_3d_node script to /ros2_ws/install/yolo_ros/lib/yolo_ros
Installing tracking_node script to /ros2_ws/install/yolo_ros/lib/yolo_ros
Installing yolo_node script to /ros2_ws/install/yolo_ros/lib/yolo_ros
writing list of installed files to '/ros2_ws/build/yolo_ros/install.log'
