[0.665s] Invoking command in '/ros2_ws/src/yolo_ros/yolo_ros': AMENT_PREFIX_PATH=/ros2_ws/install/yolo_msgs:${AMENT_PREFIX_PATH} CMAKE_PREFIX_PATH=/ros2_ws/install/yolo_msgs LD_LIBRARY_PATH=/ros2_ws/install/yolo_msgs/lib:${LD_LIBRARY_PATH} PYTHONPATH=/ros2_ws/build/yolo_ros/prefix_override:/usr/lib/python3/dist-packages/colcon_core/task/python/colcon_distutils_commands:/ros2_ws/install/yolo_ros/lib/python3.10/site-packages:/ros2_ws/install/yolo_msgs/local/lib/python3.10/dist-packages:${PYTHONPATH} /usr/bin/python3 -W ignore:setup.py install is deprecated -W ignore:easy_install command is deprecated setup.py egg_info --egg-base ../../../build/yolo_ros build --build-base /ros2_ws/build/yolo_ros/build install --record /ros2_ws/build/yolo_ros/install.log --single-version-externally-managed install_data
[0.877s] running egg_info
[0.878s] creating ../../../build/yolo_ros/yolo_ros.egg-info
[0.879s] writing ../../../build/yolo_ros/yolo_ros.egg-info/PKG-INFO
[0.880s] writing dependency_links to ../../../build/yolo_ros/yolo_ros.egg-info/dependency_links.txt
[0.880s] writing entry points to ../../../build/yolo_ros/yolo_ros.egg-info/entry_points.txt
[0.880s] writing requirements to ../../../build/yolo_ros/yolo_ros.egg-info/requires.txt
[0.880s] writing top-level names to ../../../build/yolo_ros/yolo_ros.egg-info/top_level.txt
[0.880s] writing manifest file '../../../build/yolo_ros/yolo_ros.egg-info/SOURCES.txt'
[0.883s] reading manifest file '../../../build/yolo_ros/yolo_ros.egg-info/SOURCES.txt'
[0.883s] writing manifest file '../../../build/yolo_ros/yolo_ros.egg-info/SOURCES.txt'
[0.884s] running build
[0.884s] running build_py
[0.884s] creating /ros2_ws/build/yolo_ros/build
[0.885s] creating /ros2_ws/build/yolo_ros/build/lib
[0.886s] creating /ros2_ws/build/yolo_ros/build/lib/yolo_ros
[0.886s] copying yolo_ros/__init__.py -> /ros2_ws/build/yolo_ros/build/lib/yolo_ros
[0.887s] copying yolo_ros/detect_3d_node.py -> /ros2_ws/build/yolo_ros/build/lib/yolo_ros
[0.887s] copying yolo_ros/debug_node.py -> /ros2_ws/build/yolo_ros/build/lib/yolo_ros
[0.888s] copying yolo_ros/tracking_node.py -> /ros2_ws/build/yolo_ros/build/lib/yolo_ros
[0.888s] copying yolo_ros/yolo_node.py -> /ros2_ws/build/yolo_ros/build/lib/yolo_ros
[0.888s] running install
[0.889s] running install_lib
[0.891s] creating /ros2_ws/install/yolo_ros/lib/python3.10/site-packages/yolo_ros
[0.892s] copying /ros2_ws/build/yolo_ros/build/lib/yolo_ros/__init__.py -> /ros2_ws/install/yolo_ros/lib/python3.10/site-packages/yolo_ros
[0.893s] copying /ros2_ws/build/yolo_ros/build/lib/yolo_ros/detect_3d_node.py -> /ros2_ws/install/yolo_ros/lib/python3.10/site-packages/yolo_ros
[0.893s] copying /ros2_ws/build/yolo_ros/build/lib/yolo_ros/debug_node.py -> /ros2_ws/install/yolo_ros/lib/python3.10/site-packages/yolo_ros
[0.893s] copying /ros2_ws/build/yolo_ros/build/lib/yolo_ros/tracking_node.py -> /ros2_ws/install/yolo_ros/lib/python3.10/site-packages/yolo_ros
[0.894s] copying /ros2_ws/build/yolo_ros/build/lib/yolo_ros/yolo_node.py -> /ros2_ws/install/yolo_ros/lib/python3.10/site-packages/yolo_ros
[0.895s] byte-compiling /ros2_ws/install/yolo_ros/lib/python3.10/site-packages/yolo_ros/__init__.py to __init__.cpython-310.pyc
[0.896s] byte-compiling /ros2_ws/install/yolo_ros/lib/python3.10/site-packages/yolo_ros/detect_3d_node.py to detect_3d_node.cpython-310.pyc
[0.906s] byte-compiling /ros2_ws/install/yolo_ros/lib/python3.10/site-packages/yolo_ros/debug_node.py to debug_node.cpython-310.pyc
[0.909s] byte-compiling /ros2_ws/install/yolo_ros/lib/python3.10/site-packages/yolo_ros/tracking_node.py to tracking_node.cpython-310.pyc
[0.911s] byte-compiling /ros2_ws/install/yolo_ros/lib/python3.10/site-packages/yolo_ros/yolo_node.py to yolo_node.cpython-310.pyc
[0.913s] running install_data
[0.913s] creating /ros2_ws/install/yolo_ros/share/ament_index
[0.915s] creating /ros2_ws/install/yolo_ros/share/ament_index/resource_index
[0.915s] creating /ros2_ws/install/yolo_ros/share/ament_index/resource_index/packages
[0.916s] copying resource/yolo_ros -> /ros2_ws/install/yolo_ros/share/ament_index/resource_index/packages
[0.916s] copying package.xml -> /ros2_ws/install/yolo_ros/share/yolo_ros
[0.917s] running install_egg_info
[0.919s] Copying ../../../build/yolo_ros/yolo_ros.egg-info to /ros2_ws/install/yolo_ros/lib/python3.10/site-packages/yolo_ros-4.6.0-py3.10.egg-info
[0.921s] running install_scripts
[0.950s] Installing debug_node script to /ros2_ws/install/yolo_ros/lib/yolo_ros
[0.951s] Installing detect_3d_node script to /ros2_ws/install/yolo_ros/lib/yolo_ros
[0.951s] Installing tracking_node script to /ros2_ws/install/yolo_ros/lib/yolo_ros
[0.952s] Installing yolo_node script to /ros2_ws/install/yolo_ros/lib/yolo_ros
[0.952s] writing list of installed files to '/ros2_ws/build/yolo_ros/install.log'
[0.997s] Invoked command in '/ros2_ws/src/yolo_ros/yolo_ros' returned '0': AMENT_PREFIX_PATH=/ros2_ws/install/yolo_msgs:${AMENT_PREFIX_PATH} CMAKE_PREFIX_PATH=/ros2_ws/install/yolo_msgs LD_LIBRARY_PATH=/ros2_ws/install/yolo_msgs/lib:${LD_LIBRARY_PATH} PYTHONPATH=/ros2_ws/build/yolo_ros/prefix_override:/usr/lib/python3/dist-packages/colcon_core/task/python/colcon_distutils_commands:/ros2_ws/install/yolo_ros/lib/python3.10/site-packages:/ros2_ws/install/yolo_msgs/local/lib/python3.10/dist-packages:${PYTHONPATH} /usr/bin/python3 -W ignore:setup.py install is deprecated -W ignore:easy_install command is deprecated setup.py egg_info --egg-base ../../../build/yolo_ros build --build-base /ros2_ws/build/yolo_ros/build install --record /ros2_ws/build/yolo_ros/install.log --single-version-externally-managed install_data
