[0.610s] Invoking command in '/ros2_ws/src/yolo_ros/yolo_ros': AMENT_PREFIX_PATH=/ros2_ws/install/yolo_msgs:${AMENT_PREFIX_PATH} CMAKE_PREFIX_PATH=/ros2_ws/install/yolo_msgs LD_LIBRARY_PATH=/ros2_ws/install/yolo_msgs/lib:${LD_LIBRARY_PATH} PYTHONPATH=/ros2_ws/build/yolo_ros/prefix_override:/usr/lib/python3/dist-packages/colcon_core/task/python/colcon_distutils_commands:/ros2_ws/install/yolo_ros/lib/python3.10/site-packages:/ros2_ws/install/yolo_msgs/local/lib/python3.10/dist-packages:${PYTHONPATH} /usr/bin/python3 -W ignore:setup.py install is deprecated -W ignore:easy_install command is deprecated setup.py egg_info --egg-base ../../../build/yolo_ros build --build-base /ros2_ws/build/yolo_ros/build install --record /ros2_ws/build/yolo_ros/install.log --single-version-externally-managed install_data
[0.802s] running egg_info
[0.803s] writing ../../../build/yolo_ros/yolo_ros.egg-info/PKG-INFO
[0.803s] writing dependency_links to ../../../build/yolo_ros/yolo_ros.egg-info/dependency_links.txt
[0.804s] writing entry points to ../../../build/yolo_ros/yolo_ros.egg-info/entry_points.txt
[0.804s] writing requirements to ../../../build/yolo_ros/yolo_ros.egg-info/requires.txt
[0.804s] writing top-level names to ../../../build/yolo_ros/yolo_ros.egg-info/top_level.txt
[0.806s] reading manifest file '../../../build/yolo_ros/yolo_ros.egg-info/SOURCES.txt'
[0.807s] writing manifest file '../../../build/yolo_ros/yolo_ros.egg-info/SOURCES.txt'
[0.807s] running build
[0.808s] running build_py
[0.808s] running install
[0.808s] running install_lib
[0.810s] running install_data
[0.810s] running install_egg_info
[0.812s] removing '/ros2_ws/install/yolo_ros/lib/python3.10/site-packages/yolo_ros-4.6.0-py3.10.egg-info' (and everything under it)
[0.812s] Copying ../../../build/yolo_ros/yolo_ros.egg-info to /ros2_ws/install/yolo_ros/lib/python3.10/site-packages/yolo_ros-4.6.0-py3.10.egg-info
[0.814s] running install_scripts
[0.833s] Installing debug_node script to /ros2_ws/install/yolo_ros/lib/yolo_ros
[0.834s] Installing detect_3d_node script to /ros2_ws/install/yolo_ros/lib/yolo_ros
[0.834s] Installing tracking_node script to /ros2_ws/install/yolo_ros/lib/yolo_ros
[0.834s] Installing yolo_node script to /ros2_ws/install/yolo_ros/lib/yolo_ros
[0.834s] writing list of installed files to '/ros2_ws/build/yolo_ros/install.log'
[0.856s] Invoked command in '/ros2_ws/src/yolo_ros/yolo_ros' returned '0': AMENT_PREFIX_PATH=/ros2_ws/install/yolo_msgs:${AMENT_PREFIX_PATH} CMAKE_PREFIX_PATH=/ros2_ws/install/yolo_msgs LD_LIBRARY_PATH=/ros2_ws/install/yolo_msgs/lib:${LD_LIBRARY_PATH} PYTHONPATH=/ros2_ws/build/yolo_ros/prefix_override:/usr/lib/python3/dist-packages/colcon_core/task/python/colcon_distutils_commands:/ros2_ws/install/yolo_ros/lib/python3.10/site-packages:/ros2_ws/install/yolo_msgs/local/lib/python3.10/dist-packages:${PYTHONPATH} /usr/bin/python3 -W ignore:setup.py install is deprecated -W ignore:easy_install command is deprecated setup.py egg_info --egg-base ../../../build/yolo_ros build --build-base /ros2_ws/build/yolo_ros/build install --record /ros2_ws/build/yolo_ros/install.log --single-version-externally-managed install_data
