[0.015s] Invoking command in '/ros2_ws/build/yolo_bringup': AMENT_PREFIX_PATH=/ros2_ws/install/yolo_ros:/ros2_ws/install/yolo_msgs:${AMENT_PREFIX_PATH} CMAKE_PREFIX_PATH=/ros2_ws/install/yolo_msgs:/opt/ros/humble LD_LIBRARY_PATH=/ros2_ws/install/yolo_msgs/lib:${LD_LIBRARY_PATH} PYTHONPATH=/ros2_ws/install/yolo_ros/lib/python3.10/site-packages:/ros2_ws/install/yolo_msgs/local/lib/python3.10/dist-packages:${PYTHONPATH} /usr/bin/cmake --build /ros2_ws/build/yolo_bringup -- -j16 -l16
[0.060s] Invoked command in '/ros2_ws/build/yolo_bringup' returned '0': AMENT_PREFIX_PATH=/ros2_ws/install/yolo_ros:/ros2_ws/install/yolo_msgs:${AMENT_PREFIX_PATH} CMAKE_PREFIX_PATH=/ros2_ws/install/yolo_msgs:/opt/ros/humble LD_LIBRARY_PATH=/ros2_ws/install/yolo_msgs/lib:${LD_LIBRARY_PATH} PYTHONPATH=/ros2_ws/install/yolo_ros/lib/python3.10/site-packages:/ros2_ws/install/yolo_msgs/local/lib/python3.10/dist-packages:${PYTHONPATH} /usr/bin/cmake --build /ros2_ws/build/yolo_bringup -- -j16 -l16
[0.063s] Invoking command in '/ros2_ws/build/yolo_bringup': AMENT_PREFIX_PATH=/ros2_ws/install/yolo_ros:/ros2_ws/install/yolo_msgs:${AMENT_PREFIX_PATH} CMAKE_PREFIX_PATH=/ros2_ws/install/yolo_msgs:/opt/ros/humble LD_LIBRARY_PATH=/ros2_ws/install/yolo_msgs/lib:${LD_LIBRARY_PATH} PYTHONPATH=/ros2_ws/install/yolo_ros/lib/python3.10/site-packages:/ros2_ws/install/yolo_msgs/local/lib/python3.10/dist-packages:${PYTHONPATH} /usr/bin/cmake --install /ros2_ws/build/yolo_bringup
[0.072s] -- Install configuration: ""
[0.072s] -- Up-to-date: /ros2_ws/install/yolo_bringup/share/yolo_bringup//launch
[0.073s] -- Up-to-date: /ros2_ws/install/yolo_bringup/share/yolo_bringup//launch/yolo.launch.py
[0.073s] -- Up-to-date: /ros2_ws/install/yolo_bringup/share/yolo_bringup//launch/yolo-world.launch.py
[0.073s] -- Up-to-date: /ros2_ws/install/yolo_bringup/share/yolo_bringup//launch/yolov26.launch.py
[0.073s] -- Up-to-date: /ros2_ws/install/yolo_bringup/share/yolo_bringup//launch/yolov11.launch.py
[0.074s] -- Up-to-date: /ros2_ws/install/yolo_bringup/share/yolo_bringup//launch/yolov12.launch.py
[0.074s] -- Up-to-date: /ros2_ws/install/yolo_bringup/share/yolo_bringup//launch/yolov9.launch.py
[0.074s] -- Up-to-date: /ros2_ws/install/yolo_bringup/share/yolo_bringup//launch/yolov10.launch.py
[0.074s] -- Up-to-date: /ros2_ws/install/yolo_bringup/share/yolo_bringup//launch/yolov5.launch.py
[0.074s] -- Up-to-date: /ros2_ws/install/yolo_bringup/share/yolo_bringup//launch/yoloe.launch.py
[0.074s] -- Up-to-date: /ros2_ws/install/yolo_bringup/share/yolo_bringup//launch/yolov8.launch.py
[0.075s] -- Up-to-date: /ros2_ws/install/yolo_bringup/share/ament_index/resource_index/package_run_dependencies/yolo_bringup
[0.075s] -- Up-to-date: /ros2_ws/install/yolo_bringup/share/ament_index/resource_index/parent_prefix_path/yolo_bringup
[0.075s] -- Up-to-date: /ros2_ws/install/yolo_bringup/share/yolo_bringup/environment/ament_prefix_path.sh
[0.075s] -- Up-to-date: /ros2_ws/install/yolo_bringup/share/yolo_bringup/environment/ament_prefix_path.dsv
[0.075s] -- Up-to-date: /ros2_ws/install/yolo_bringup/share/yolo_bringup/environment/path.sh
[0.075s] -- Up-to-date: /ros2_ws/install/yolo_bringup/share/yolo_bringup/environment/path.dsv
[0.075s] -- Up-to-date: /ros2_ws/install/yolo_bringup/share/yolo_bringup/local_setup.bash
[0.075s] -- Up-to-date: /ros2_ws/install/yolo_bringup/share/yolo_bringup/local_setup.sh
[0.075s] -- Up-to-date: /ros2_ws/install/yolo_bringup/share/yolo_bringup/local_setup.zsh
[0.075s] -- Up-to-date: /ros2_ws/install/yolo_bringup/share/yolo_bringup/local_setup.dsv
[0.075s] -- Up-to-date: /ros2_ws/install/yolo_bringup/share/yolo_bringup/package.dsv
[0.075s] -- Up-to-date: /ros2_ws/install/yolo_bringup/share/ament_index/resource_index/packages/yolo_bringup
[0.075s] -- Up-to-date: /ros2_ws/install/yolo_bringup/share/yolo_bringup/cmake/yolo_bringupConfig.cmake
[0.075s] -- Up-to-date: /ros2_ws/install/yolo_bringup/share/yolo_bringup/cmake/yolo_bringupConfig-version.cmake
[0.075s] -- Up-to-date: /ros2_ws/install/yolo_bringup/share/yolo_bringup/package.xml
[0.077s] Invoked command in '/ros2_ws/build/yolo_bringup' returned '0': AMENT_PREFIX_PATH=/ros2_ws/install/yolo_ros:/ros2_ws/install/yolo_msgs:${AMENT_PREFIX_PATH} CMAKE_PREFIX_PATH=/ros2_ws/install/yolo_msgs:/opt/ros/humble LD_LIBRARY_PATH=/ros2_ws/install/yolo_msgs/lib:${LD_LIBRARY_PATH} PYTHONPATH=/ros2_ws/install/yolo_ros/lib/python3.10/site-packages:/ros2_ws/install/yolo_msgs/local/lib/python3.10/dist-packages:${PYTHONPATH} /usr/bin/cmake --install /ros2_ws/build/yolo_bringup
