[0.040s] Invoking command in '/ros2_ws/build/yolo_msgs': CMAKE_PREFIX_PATH=/opt/ros/humble /usr/bin/cmake --build /ros2_ws/build/yolo_msgs -- -j16 -l16
[0.193s] [35m[1mConsolidate compiler generated dependencies of target yolo_msgs__rosidl_generator_c[0m
[0.204s] [  1%] Built target yolo_msgs__rs
[0.206s] [  1%] Built target yolo_msgs__cpp
[0.250s] [ 13%] Built target yolo_msgs__rosidl_generator_c
[0.258s] [35m[1mConsolidate compiler generated dependencies of target yolo_msgs__rosidl_typesupport_fastrtps_cpp[0m
[0.266s] [35m[1mConsolidate compiler generated dependencies of target yolo_msgs__rosidl_typesupport_introspection_cpp[0m
[0.288s] [ 13%] Built target ament_cmake_python_copy_yolo_msgs
[0.288s] [35m[1mConsolidate compiler generated dependencies of target yolo_msgs__rosidl_typesupport_cpp[0m
[0.294s] [35m[1mConsolidate compiler generated dependencies of target yolo_msgs__rosidl_typesupport_introspection_c[0m
[0.300s] [35m[1mConsolidate compiler generated dependencies of target yolo_msgs__rosidl_typesupport_c[0m
[0.301s] [35m[1mConsolidate compiler generated dependencies of target yolo_msgs__rosidl_typesupport_fastrtps_c[0m
[0.333s] [ 37%] Built target yolo_msgs__rosidl_typesupport_introspection_cpp
[0.333s] [ 37%] Built target yolo_msgs__rosidl_typesupport_fastrtps_cpp
[0.341s] [ 48%] Built target yolo_msgs__rosidl_typesupport_c
[0.346s] [ 70%] Built target yolo_msgs__rosidl_typesupport_introspection_c
[0.346s] [ 71%] Built target yolo_msgs__rosidl_typesupport_cpp
[0.366s] [ 82%] Built target yolo_msgs__rosidl_typesupport_fastrtps_c
[0.410s] [ 82%] Built target yolo_msgs
[0.458s] [ 83%] Built target yolo_msgs__py
[0.490s] [35m[1mConsolidate compiler generated dependencies of target yolo_msgs__rosidl_generator_py[0m
[0.532s] [ 94%] Built target yolo_msgs__rosidl_generator_py
[0.553s] [35m[1mConsolidate compiler generated dependencies of target yolo_msgs__rosidl_typesupport_c__pyext[0m
[0.553s] [35m[1mConsolidate compiler generated dependencies of target yolo_msgs__rosidl_typesupport_introspection_c__pyext[0m
[0.553s] [35m[1mConsolidate compiler generated dependencies of target yolo_msgs__rosidl_typesupport_fastrtps_c__pyext[0m
[0.576s] [100%] Built target yolo_msgs__rosidl_typesupport_fastrtps_c__pyext
[0.576s] [100%] Built target yolo_msgs__rosidl_typesupport_c__pyext
[0.576s] [100%] Built target yolo_msgs__rosidl_typesupport_introspection_c__pyext
[0.643s] running egg_info
[0.643s] writing yolo_msgs.egg-info/PKG-INFO
[0.644s] writing dependency_links to yolo_msgs.egg-info/dependency_links.txt
[0.644s] writing top-level names to yolo_msgs.egg-info/top_level.txt
[0.648s] reading manifest file 'yolo_msgs.egg-info/SOURCES.txt'
[0.649s] writing manifest file 'yolo_msgs.egg-info/SOURCES.txt'
[0.685s] [100%] Built target ament_cmake_python_build_yolo_msgs_egg
[0.704s] Invoked command in '/ros2_ws/build/yolo_msgs' returned '0': CMAKE_PREFIX_PATH=/opt/ros/humble /usr/bin/cmake --build /ros2_ws/build/yolo_msgs -- -j16 -l16
[0.706s] Invoking command in '/ros2_ws/build/yolo_msgs': CMAKE_PREFIX_PATH=/opt/ros/humble /usr/bin/cmake --install /ros2_ws/build/yolo_msgs
[0.724s] -- Install configuration: ""
[0.724s] -- Up-to-date: /ros2_ws/install/yolo_msgs/share/ament_index/resource_index/rosidl_interfaces/yolo_msgs
[0.724s] -- Up-to-date: /ros2_ws/install/yolo_msgs/include/yolo_msgs/yolo_msgs
[0.724s] -- Up-to-date: /ros2_ws/install/yolo_msgs/include/yolo_msgs/yolo_msgs/srv
[0.725s] -- Up-to-date: /ros2_ws/install/yolo_msgs/include/yolo_msgs/yolo_msgs/srv/detail
[0.725s] -- Up-to-date: /ros2_ws/install/yolo_msgs/include/yolo_msgs/yolo_msgs/srv/detail/set_classes__functions.c
[0.725s] -- Up-to-date: /ros2_ws/install/yolo_msgs/include/yolo_msgs/yolo_msgs/srv/detail/set_classes__type_support.h
[0.725s] -- Up-to-date: /ros2_ws/install/yolo_msgs/include/yolo_msgs/yolo_msgs/srv/detail/set_classes__functions.h
[0.726s] -- Up-to-date: /ros2_ws/install/yolo_msgs/include/yolo_msgs/yolo_msgs/srv/detail/set_classes__struct.h
[0.726s] -- Up-to-date: /ros2_ws/install/yolo_msgs/include/yolo_msgs/yolo_msgs/srv/set_classes.h
[0.726s] -- Up-to-date: /ros2_ws/install/yolo_msgs/include/yolo_msgs/yolo_msgs/msg
[0.726s] -- Up-to-date: /ros2_ws/install/yolo_msgs/include/yolo_msgs/yolo_msgs/msg/key_point2_d.h
[0.726s] -- Up-to-date: /ros2_ws/install/yolo_msgs/include/yolo_msgs/yolo_msgs/msg/detection_array.h
[0.726s] -- Up-to-date: /ros2_ws/install/yolo_msgs/include/yolo_msgs/yolo_msgs/msg/rosidl_generator_c__visibility_control.h
[0.726s] -- Up-to-date: /ros2_ws/install/yolo_msgs/include/yolo_msgs/yolo_msgs/msg/bounding_box3_d.h
[0.726s] -- Up-to-date: /ros2_ws/install/yolo_msgs/include/yolo_msgs/yolo_msgs/msg/bounding_box2_d.h
[0.726s] -- Up-to-date: /ros2_ws/install/yolo_msgs/include/yolo_msgs/yolo_msgs/msg/key_point2_d_array.h
[0.727s] -- Up-to-date: /ros2_ws/install/yolo_msgs/include/yolo_msgs/yolo_msgs/msg/detail
[0.727s] -- Up-to-date: /ros2_ws/install/yolo_msgs/include/yolo_msgs/yolo_msgs/msg/detail/pose2_d__functions.h
[0.727s] -- Up-to-date: /ros2_ws/install/yolo_msgs/include/yolo_msgs/yolo_msgs/msg/detail/bounding_box2_d__struct.h
[0.727s] -- Up-to-date: /ros2_ws/install/yolo_msgs/include/yolo_msgs/yolo_msgs/msg/detail/bounding_box3_d__functions.c
[0.728s] -- Up-to-date: /ros2_ws/install/yolo_msgs/include/yolo_msgs/yolo_msgs/msg/detail/detection__functions.c
[0.728s] -- Up-to-date: /ros2_ws/install/yolo_msgs/include/yolo_msgs/yolo_msgs/msg/detail/key_point2_d_array__functions.c
[0.728s] -- Up-to-date: /ros2_ws/install/yolo_msgs/include/yolo_msgs/yolo_msgs/msg/detail/pose2_d__type_support.h
[0.728s] -- Up-to-date: /ros2_ws/install/yolo_msgs/include/yolo_msgs/yolo_msgs/msg/detail/bounding_box2_d__type_support.h
[0.728s] -- Up-to-date: /ros2_ws/install/yolo_msgs/include/yolo_msgs/yolo_msgs/msg/detail/point2_d__type_support.h
[0.729s] -- Up-to-date: /ros2_ws/install/yolo_msgs/include/yolo_msgs/yolo_msgs/msg/detail/vector2__struct.h
[0.729s] -- Up-to-date: /ros2_ws/install/yolo_msgs/include/yolo_msgs/yolo_msgs/msg/detail/detection__type_support.h
[0.729s] -- Up-to-date: /ros2_ws/install/yolo_msgs/include/yolo_msgs/yolo_msgs/msg/detail/bounding_box2_d__functions.h
[0.729s] -- Up-to-date: /ros2_ws/install/yolo_msgs/include/yolo_msgs/yolo_msgs/msg/detail/key_point3_d__functions.h
[0.729s] -- Up-to-date: /ros2_ws/install/yolo_msgs/include/yolo_msgs/yolo_msgs/msg/detail/key_point2_d_array__functions.h
[0.730s] -- Up-to-date: /ros2_ws/install/yolo_msgs/include/yolo_msgs/yolo_msgs/msg/detail/bounding_box3_d__functions.h
[0.730s] -- Up-to-date: /ros2_ws/install/yolo_msgs/include/yolo_msgs/yolo_msgs/msg/detail/detection_array__functions.c
[0.730s] -- Up-to-date: /ros2_ws/install/yolo_msgs/include/yolo_msgs/yolo_msgs/msg/detail/bounding_box3_d__struct.h
[0.730s] -- Up-to-date: /ros2_ws/install/yolo_msgs/include/yolo_msgs/yolo_msgs/msg/detail/key_point3_d_array__functions.c
[0.730s] -- Up-to-date: /ros2_ws/install/yolo_msgs/include/yolo_msgs/yolo_msgs/msg/detail/key_point3_d__struct.h
[0.730s] -- Up-to-date: /ros2_ws/install/yolo_msgs/include/yolo_msgs/yolo_msgs/msg/detail/key_point2_d__functions.c
[0.730s] -- Up-to-date: /ros2_ws/install/yolo_msgs/include/yolo_msgs/yolo_msgs/msg/detail/key_point2_d__functions.h
[0.730s] -- Up-to-date: /ros2_ws/install/yolo_msgs/include/yolo_msgs/yolo_msgs/msg/detail/mask__type_support.h
[0.730s] -- Up-to-date: /ros2_ws/install/yolo_msgs/include/yolo_msgs/yolo_msgs/msg/detail/vector2__functions.h
[0.731s] -- Up-to-date: /ros2_ws/install/yolo_msgs/include/yolo_msgs/yolo_msgs/msg/detail/vector2__type_support.h
[0.731s] -- Up-to-date: /ros2_ws/install/yolo_msgs/include/yolo_msgs/yolo_msgs/msg/detail/detection_array__functions.h
[0.731s] -- Up-to-date: /ros2_ws/install/yolo_msgs/include/yolo_msgs/yolo_msgs/msg/detail/point2_d__functions.c
[0.731s] -- Up-to-date: /ros2_ws/install/yolo_msgs/include/yolo_msgs/yolo_msgs/msg/detail/bounding_box2_d__functions.c
[0.731s] -- Up-to-date: /ros2_ws/install/yolo_msgs/include/yolo_msgs/yolo_msgs/msg/detail/detection_array__struct.h
[0.731s] -- Up-to-date: /ros2_ws/install/yolo_msgs/include/yolo_msgs/yolo_msgs/msg/detail/detection_array__type_support.h
[0.731s] -- Up-to-date: /ros2_ws/install/yolo_msgs/include/yolo_msgs/yolo_msgs/msg/detail/pose2_d__struct.h
[0.731s] -- Up-to-date: /ros2_ws/install/yolo_msgs/include/yolo_msgs/yolo_msgs/msg/detail/key_point2_d_array__struct.h
[0.731s] -- Up-to-date: /ros2_ws/install/yolo_msgs/include/yolo_msgs/yolo_msgs/msg/detail/mask__functions.c
[0.731s] -- Up-to-date: /ros2_ws/install/yolo_msgs/include/yolo_msgs/yolo_msgs/msg/detail/point2_d__struct.h
[0.731s] -- Up-to-date: /ros2_ws/install/yolo_msgs/include/yolo_msgs/yolo_msgs/msg/detail/key_point3_d_array__functions.h
[0.731s] -- Up-to-date: /ros2_ws/install/yolo_msgs/include/yolo_msgs/yolo_msgs/msg/detail/mask__functions.h
[0.731s] -- Up-to-date: /ros2_ws/install/yolo_msgs/include/yolo_msgs/yolo_msgs/msg/detail/detection__struct.h
[0.732s] -- Up-to-date: /ros2_ws/install/yolo_msgs/include/yolo_msgs/yolo_msgs/msg/detail/key_point3_d__type_support.h
[0.732s] -- Up-to-date: /ros2_ws/install/yolo_msgs/include/yolo_msgs/yolo_msgs/msg/detail/point2_d__functions.h
[0.732s] -- Up-to-date: /ros2_ws/install/yolo_msgs/include/yolo_msgs/yolo_msgs/msg/detail/key_point2_d_array__type_support.h
[0.732s] -- Up-to-date: /ros2_ws/install/yolo_msgs/include/yolo_msgs/yolo_msgs/msg/detail/bounding_box3_d__type_support.h
[0.732s] -- Up-to-date: /ros2_ws/install/yolo_msgs/include/yolo_msgs/yolo_msgs/msg/detail/key_point3_d_array__type_support.h
[0.732s] -- Up-to-date: /ros2_ws/install/yolo_msgs/include/yolo_msgs/yolo_msgs/msg/detail/key_point3_d_array__struct.h
[0.732s] -- Up-to-date: /ros2_ws/install/yolo_msgs/include/yolo_msgs/yolo_msgs/msg/detail/vector2__functions.c
[0.732s] -- Up-to-date: /ros2_ws/install/yolo_msgs/include/yolo_msgs/yolo_msgs/msg/detail/detection__functions.h
[0.732s] -- Up-to-date: /ros2_ws/install/yolo_msgs/include/yolo_msgs/yolo_msgs/msg/detail/pose2_d__functions.c
[0.732s] -- Up-to-date: /ros2_ws/install/yolo_msgs/include/yolo_msgs/yolo_msgs/msg/detail/mask__struct.h
[0.732s] -- Up-to-date: /ros2_ws/install/yolo_msgs/include/yolo_msgs/yolo_msgs/msg/detail/key_point3_d__functions.c
[0.732s] -- Up-to-date: /ros2_ws/install/yolo_msgs/include/yolo_msgs/yolo_msgs/msg/detail/key_point2_d__type_support.h
[0.732s] -- Up-to-date: /ros2_ws/install/yolo_msgs/include/yolo_msgs/yolo_msgs/msg/detail/key_point2_d__struct.h
[0.732s] -- Up-to-date: /ros2_ws/install/yolo_msgs/include/yolo_msgs/yolo_msgs/msg/detection.h
[0.732s] -- Up-to-date: /ros2_ws/install/yolo_msgs/include/yolo_msgs/yolo_msgs/msg/mask.h
[0.733s] -- Up-to-date: /ros2_ws/install/yolo_msgs/include/yolo_msgs/yolo_msgs/msg/point2_d.h
[0.733s] -- Up-to-date: /ros2_ws/install/yolo_msgs/include/yolo_msgs/yolo_msgs/msg/vector2.h
[0.733s] -- Up-to-date: /ros2_ws/install/yolo_msgs/include/yolo_msgs/yolo_msgs/msg/key_point3_d.h
[0.733s] -- Up-to-date: /ros2_ws/install/yolo_msgs/include/yolo_msgs/yolo_msgs/msg/pose2_d.h
[0.733s] -- Up-to-date: /ros2_ws/install/yolo_msgs/include/yolo_msgs/yolo_msgs/msg/key_point3_d_array.h
[0.733s] -- Up-to-date: /ros2_ws/install/yolo_msgs/share/yolo_msgs/environment/library_path.sh
[0.733s] -- Up-to-date: /ros2_ws/install/yolo_msgs/share/yolo_msgs/environment/library_path.dsv
[0.733s] -- Up-to-date: /ros2_ws/install/yolo_msgs/lib/libyolo_msgs__rosidl_generator_c.so
[0.734s] -- Up-to-date: /ros2_ws/install/yolo_msgs/include/yolo_msgs/yolo_msgs
[0.734s] -- Up-to-date: /ros2_ws/install/yolo_msgs/include/yolo_msgs/yolo_msgs/srv
[0.734s] -- Up-to-date: /ros2_ws/install/yolo_msgs/include/yolo_msgs/yolo_msgs/srv/detail
[0.734s] -- Up-to-date: /ros2_ws/install/yolo_msgs/include/yolo_msgs/yolo_msgs/srv/detail/set_classes__rosidl_typesupport_fastrtps_c.h
[0.734s] -- Up-to-date: /ros2_ws/install/yolo_msgs/include/yolo_msgs/yolo_msgs/msg
[0.735s] -- Up-to-date: /ros2_ws/install/yolo_msgs/include/yolo_msgs/yolo_msgs/msg/detail
[0.735s] -- Up-to-date: /ros2_ws/install/yolo_msgs/include/yolo_msgs/yolo_msgs/msg/detail/point2_d__rosidl_typesupport_fastrtps_c.h
[0.735s] -- Up-to-date: /ros2_ws/install/yolo_msgs/include/yolo_msgs/yolo_msgs/msg/detail/key_point3_d__rosidl_typesupport_fastrtps_c.h
[0.735s] -- Up-to-date: /ros2_ws/install/yolo_msgs/include/yolo_msgs/yolo_msgs/msg/detail/detection_array__rosidl_typesupport_fastrtps_c.h
[0.735s] -- Up-to-date: /ros2_ws/install/yolo_msgs/include/yolo_msgs/yolo_msgs/msg/detail/mask__rosidl_typesupport_fastrtps_c.h
[0.735s] -- Up-to-date: /ros2_ws/install/yolo_msgs/include/yolo_msgs/yolo_msgs/msg/detail/detection__rosidl_typesupport_fastrtps_c.h
[0.735s] -- Up-to-date: /ros2_ws/install/yolo_msgs/include/yolo_msgs/yolo_msgs/msg/detail/key_point2_d__rosidl_typesupport_fastrtps_c.h
[0.735s] -- Up-to-date: /ros2_ws/install/yolo_msgs/include/yolo_msgs/yolo_msgs/msg/detail/key_point3_d_array__rosidl_typesupport_fastrtps_c.h
[0.735s] -- Up-to-date: /ros2_ws/install/yolo_msgs/include/yolo_msgs/yolo_msgs/msg/detail/vector2__rosidl_typesupport_fastrtps_c.h
[0.735s] -- Up-to-date: /ros2_ws/install/yolo_msgs/include/yolo_msgs/yolo_msgs/msg/detail/key_point2_d_array__rosidl_typesupport_fastrtps_c.h
[0.735s] -- Up-to-date: /ros2_ws/install/yolo_msgs/include/yolo_msgs/yolo_msgs/msg/detail/bounding_box3_d__rosidl_typesupport_fastrtps_c.h
[0.735s] -- Up-to-date: /ros2_ws/install/yolo_msgs/include/yolo_msgs/yolo_msgs/msg/detail/bounding_box2_d__rosidl_typesupport_fastrtps_c.h
[0.736s] -- Up-to-date: /ros2_ws/install/yolo_msgs/include/yolo_msgs/yolo_msgs/msg/detail/pose2_d__rosidl_typesupport_fastrtps_c.h
[0.736s] -- Up-to-date: /ros2_ws/install/yolo_msgs/include/yolo_msgs/yolo_msgs/msg/rosidl_typesupport_fastrtps_c__visibility_control.h
[0.736s] -- Up-to-date: /ros2_ws/install/yolo_msgs/lib/libyolo_msgs__rosidl_typesupport_fastrtps_c.so
[0.736s] -- Up-to-date: /ros2_ws/install/yolo_msgs/include/yolo_msgs/yolo_msgs
[0.737s] -- Up-to-date: /ros2_ws/install/yolo_msgs/include/yolo_msgs/yolo_msgs/srv
[0.737s] -- Up-to-date: /ros2_ws/install/yolo_msgs/include/yolo_msgs/yolo_msgs/srv/detail
[0.737s] -- Up-to-date: /ros2_ws/install/yolo_msgs/include/yolo_msgs/yolo_msgs/srv/detail/set_classes__type_support.c
[0.737s] -- Up-to-date: /ros2_ws/install/yolo_msgs/include/yolo_msgs/yolo_msgs/srv/detail/set_classes__rosidl_typesupport_introspection_c.h
[0.738s] -- Up-to-date: /ros2_ws/install/yolo_msgs/include/yolo_msgs/yolo_msgs/msg
[0.738s] -- Up-to-date: /ros2_ws/install/yolo_msgs/include/yolo_msgs/yolo_msgs/msg/detail
[0.738s] -- Up-to-date: /ros2_ws/install/yolo_msgs/include/yolo_msgs/yolo_msgs/msg/detail/key_point2_d__type_support.c
[0.738s] -- Up-to-date: /ros2_ws/install/yolo_msgs/include/yolo_msgs/yolo_msgs/msg/detail/detection__rosidl_typesupport_introspection_c.h
[0.738s] -- Up-to-date: /ros2_ws/install/yolo_msgs/include/yolo_msgs/yolo_msgs/msg/detail/key_point2_d_array__type_support.c
[0.739s] -- Up-to-date: /ros2_ws/install/yolo_msgs/include/yolo_msgs/yolo_msgs/msg/detail/key_point3_d_array__rosidl_typesupport_introspection_c.h
[0.739s] -- Up-to-date: /ros2_ws/install/yolo_msgs/include/yolo_msgs/yolo_msgs/msg/detail/mask__type_support.c
[0.739s] -- Up-to-date: /ros2_ws/install/yolo_msgs/include/yolo_msgs/yolo_msgs/msg/detail/detection__type_support.c
[0.739s] -- Up-to-date: /ros2_ws/install/yolo_msgs/include/yolo_msgs/yolo_msgs/msg/detail/point2_d__type_support.c
[0.739s] -- Up-to-date: /ros2_ws/install/yolo_msgs/include/yolo_msgs/yolo_msgs/msg/detail/key_point3_d__rosidl_typesupport_introspection_c.h
[0.739s] -- Up-to-date: /ros2_ws/install/yolo_msgs/include/yolo_msgs/yolo_msgs/msg/detail/key_point2_d__rosidl_typesupport_introspection_c.h
[0.739s] -- Up-to-date: /ros2_ws/install/yolo_msgs/include/yolo_msgs/yolo_msgs/msg/detail/bounding_box3_d__rosidl_typesupport_introspection_c.h
[0.739s] -- Up-to-date: /ros2_ws/install/yolo_msgs/include/yolo_msgs/yolo_msgs/msg/detail/detection_array__rosidl_typesupport_introspection_c.h
[0.740s] -- Up-to-date: /ros2_ws/install/yolo_msgs/include/yolo_msgs/yolo_msgs/msg/detail/bounding_box2_d__rosidl_typesupport_introspection_c.h
[0.740s] -- Up-to-date: /ros2_ws/install/yolo_msgs/include/yolo_msgs/yolo_msgs/msg/detail/vector2__rosidl_typesupport_introspection_c.h
[0.740s] -- Up-to-date: /ros2_ws/install/yolo_msgs/include/yolo_msgs/yolo_msgs/msg/detail/key_point3_d_array__type_support.c
[0.740s] -- Up-to-date: /ros2_ws/install/yolo_msgs/include/yolo_msgs/yolo_msgs/msg/detail/pose2_d__type_support.c
[0.740s] -- Up-to-date: /ros2_ws/install/yolo_msgs/include/yolo_msgs/yolo_msgs/msg/detail/bounding_box2_d__type_support.c
[0.740s] -- Up-to-date: /ros2_ws/install/yolo_msgs/include/yolo_msgs/yolo_msgs/msg/detail/key_point3_d__type_support.c
[0.740s] -- Up-to-date: /ros2_ws/install/yolo_msgs/include/yolo_msgs/yolo_msgs/msg/detail/detection_array__type_support.c
[0.740s] -- Up-to-date: /ros2_ws/install/yolo_msgs/include/yolo_msgs/yolo_msgs/msg/detail/key_point2_d_array__rosidl_typesupport_introspection_c.h
[0.740s] -- Up-to-date: /ros2_ws/install/yolo_msgs/include/yolo_msgs/yolo_msgs/msg/detail/bounding_box3_d__type_support.c
[0.740s] -- Up-to-date: /ros2_ws/install/yolo_msgs/include/yolo_msgs/yolo_msgs/msg/detail/mask__rosidl_typesupport_introspection_c.h
[0.740s] -- Up-to-date: /ros2_ws/install/yolo_msgs/include/yolo_msgs/yolo_msgs/msg/detail/pose2_d__rosidl_typesupport_introspection_c.h
[0.740s] -- Up-to-date: /ros2_ws/install/yolo_msgs/include/yolo_msgs/yolo_msgs/msg/detail/point2_d__rosidl_typesupport_introspection_c.h
[0.740s] -- Up-to-date: /ros2_ws/install/yolo_msgs/include/yolo_msgs/yolo_msgs/msg/detail/vector2__type_support.c
[0.740s] -- Up-to-date: /ros2_ws/install/yolo_msgs/include/yolo_msgs/yolo_msgs/msg/rosidl_typesupport_introspection_c__visibility_control.h
[0.740s] -- Up-to-date: /ros2_ws/install/yolo_msgs/lib/libyolo_msgs__rosidl_typesupport_introspection_c.so
[0.741s] -- Up-to-date: /ros2_ws/install/yolo_msgs/lib/libyolo_msgs__rosidl_typesupport_c.so
[0.742s] -- Up-to-date: /ros2_ws/install/yolo_msgs/include/yolo_msgs/yolo_msgs
[0.742s] -- Up-to-date: /ros2_ws/install/yolo_msgs/include/yolo_msgs/yolo_msgs/srv
[0.742s] -- Up-to-date: /ros2_ws/install/yolo_msgs/include/yolo_msgs/yolo_msgs/srv/detail
[0.743s] -- Up-to-date: /ros2_ws/install/yolo_msgs/include/yolo_msgs/yolo_msgs/srv/detail/set_classes__builder.hpp
[0.743s] -- Up-to-date: /ros2_ws/install/yolo_msgs/include/yolo_msgs/yolo_msgs/srv/detail/set_classes__type_support.hpp
[0.743s] -- Up-to-date: /ros2_ws/install/yolo_msgs/include/yolo_msgs/yolo_msgs/srv/detail/set_classes__struct.hpp
[0.744s] -- Up-to-date: /ros2_ws/install/yolo_msgs/include/yolo_msgs/yolo_msgs/srv/detail/set_classes__traits.hpp
[0.744s] -- Up-to-date: /ros2_ws/install/yolo_msgs/include/yolo_msgs/yolo_msgs/srv/set_classes.hpp
[0.744s] -- Up-to-date: /ros2_ws/install/yolo_msgs/include/yolo_msgs/yolo_msgs/msg
[0.744s] -- Up-to-date: /ros2_ws/install/yolo_msgs/include/yolo_msgs/yolo_msgs/msg/bounding_box3_d.hpp
[0.744s] -- Up-to-date: /ros2_ws/install/yolo_msgs/include/yolo_msgs/yolo_msgs/msg/bounding_box2_d.hpp
[0.744s] -- Up-to-date: /ros2_ws/install/yolo_msgs/include/yolo_msgs/yolo_msgs/msg/vector2.hpp
[0.745s] -- Up-to-date: /ros2_ws/install/yolo_msgs/include/yolo_msgs/yolo_msgs/msg/key_point2_d.hpp
[0.745s] -- Up-to-date: /ros2_ws/install/yolo_msgs/include/yolo_msgs/yolo_msgs/msg/key_point3_d.hpp
[0.745s] -- Up-to-date: /ros2_ws/install/yolo_msgs/include/yolo_msgs/yolo_msgs/msg/detection_array.hpp
[0.745s] -- Up-to-date: /ros2_ws/install/yolo_msgs/include/yolo_msgs/yolo_msgs/msg/detail
[0.746s] -- Up-to-date: /ros2_ws/install/yolo_msgs/include/yolo_msgs/yolo_msgs/msg/detail/detection_array__builder.hpp
[0.746s] -- Up-to-date: /ros2_ws/install/yolo_msgs/include/yolo_msgs/yolo_msgs/msg/detail/bounding_box2_d__type_support.hpp
[0.746s] -- Up-to-date: /ros2_ws/install/yolo_msgs/include/yolo_msgs/yolo_msgs/msg/detail/bounding_box3_d__type_support.hpp
[0.747s] -- Up-to-date: /ros2_ws/install/yolo_msgs/include/yolo_msgs/yolo_msgs/msg/detail/pose2_d__struct.hpp
[0.747s] -- Up-to-date: /ros2_ws/install/yolo_msgs/include/yolo_msgs/yolo_msgs/msg/detail/pose2_d__builder.hpp
[0.747s] -- Up-to-date: /ros2_ws/install/yolo_msgs/include/yolo_msgs/yolo_msgs/msg/detail/bounding_box3_d__builder.hpp
[0.747s] -- Up-to-date: /ros2_ws/install/yolo_msgs/include/yolo_msgs/yolo_msgs/msg/detail/mask__type_support.hpp
[0.747s] -- Up-to-date: /ros2_ws/install/yolo_msgs/include/yolo_msgs/yolo_msgs/msg/detail/detection__type_support.hpp
[0.747s] -- Up-to-date: /ros2_ws/install/yolo_msgs/include/yolo_msgs/yolo_msgs/msg/detail/detection_array__traits.hpp
[0.747s] -- Up-to-date: /ros2_ws/install/yolo_msgs/include/yolo_msgs/yolo_msgs/msg/detail/key_point2_d__traits.hpp
[0.747s] -- Up-to-date: /ros2_ws/install/yolo_msgs/include/yolo_msgs/yolo_msgs/msg/detail/key_point3_d_array__traits.hpp
[0.748s] -- Up-to-date: /ros2_ws/install/yolo_msgs/include/yolo_msgs/yolo_msgs/msg/detail/bounding_box3_d__struct.hpp
[0.748s] -- Up-to-date: /ros2_ws/install/yolo_msgs/include/yolo_msgs/yolo_msgs/msg/detail/key_point2_d__type_support.hpp
[0.748s] -- Up-to-date: /ros2_ws/install/yolo_msgs/include/yolo_msgs/yolo_msgs/msg/detail/key_point2_d_array__traits.hpp
[0.748s] -- Up-to-date: /ros2_ws/install/yolo_msgs/include/yolo_msgs/yolo_msgs/msg/detail/bounding_box2_d__traits.hpp
[0.748s] -- Up-to-date: /ros2_ws/install/yolo_msgs/include/yolo_msgs/yolo_msgs/msg/detail/key_point3_d__struct.hpp
[0.748s] -- Up-to-date: /ros2_ws/install/yolo_msgs/include/yolo_msgs/yolo_msgs/msg/detail/bounding_box2_d__struct.hpp
[0.748s] -- Up-to-date: /ros2_ws/install/yolo_msgs/include/yolo_msgs/yolo_msgs/msg/detail/bounding_box3_d__traits.hpp
[0.748s] -- Up-to-date: /ros2_ws/install/yolo_msgs/include/yolo_msgs/yolo_msgs/msg/detail/key_point2_d__struct.hpp
[0.748s] -- Up-to-date: /ros2_ws/install/yolo_msgs/include/yolo_msgs/yolo_msgs/msg/detail/mask__traits.hpp
[0.749s] -- Up-to-date: /ros2_ws/install/yolo_msgs/include/yolo_msgs/yolo_msgs/msg/detail/mask__builder.hpp
[0.749s] -- Up-to-date: /ros2_ws/install/yolo_msgs/include/yolo_msgs/yolo_msgs/msg/detail/key_point3_d_array__struct.hpp
[0.749s] -- Up-to-date: /ros2_ws/install/yolo_msgs/include/yolo_msgs/yolo_msgs/msg/detail/key_point2_d_array__struct.hpp
[0.749s] -- Up-to-date: /ros2_ws/install/yolo_msgs/include/yolo_msgs/yolo_msgs/msg/detail/vector2__struct.hpp
[0.749s] -- Up-to-date: /ros2_ws/install/yolo_msgs/include/yolo_msgs/yolo_msgs/msg/detail/detection__traits.hpp
[0.749s] -- Up-to-date: /ros2_ws/install/yolo_msgs/include/yolo_msgs/yolo_msgs/msg/detail/key_point3_d_array__type_support.hpp
[0.749s] -- Up-to-date: /ros2_ws/install/yolo_msgs/include/yolo_msgs/yolo_msgs/msg/detail/mask__struct.hpp
[0.750s] -- Up-to-date: /ros2_ws/install/yolo_msgs/include/yolo_msgs/yolo_msgs/msg/detail/pose2_d__type_support.hpp
[0.750s] -- Up-to-date: /ros2_ws/install/yolo_msgs/include/yolo_msgs/yolo_msgs/msg/detail/detection_array__struct.hpp
[0.750s] -- Up-to-date: /ros2_ws/install/yolo_msgs/include/yolo_msgs/yolo_msgs/msg/detail/point2_d__traits.hpp
[0.750s] -- Up-to-date: /ros2_ws/install/yolo_msgs/include/yolo_msgs/yolo_msgs/msg/detail/detection__struct.hpp
[0.750s] -- Up-to-date: /ros2_ws/install/yolo_msgs/include/yolo_msgs/yolo_msgs/msg/detail/key_point3_d__traits.hpp
[0.750s] -- Up-to-date: /ros2_ws/install/yolo_msgs/include/yolo_msgs/yolo_msgs/msg/detail/pose2_d__traits.hpp
[0.750s] -- Up-to-date: /ros2_ws/install/yolo_msgs/include/yolo_msgs/yolo_msgs/msg/detail/vector2__builder.hpp
[0.750s] -- Up-to-date: /ros2_ws/install/yolo_msgs/include/yolo_msgs/yolo_msgs/msg/detail/point2_d__struct.hpp
[0.750s] -- Up-to-date: /ros2_ws/install/yolo_msgs/include/yolo_msgs/yolo_msgs/msg/detail/point2_d__builder.hpp
[0.750s] -- Up-to-date: /ros2_ws/install/yolo_msgs/include/yolo_msgs/yolo_msgs/msg/detail/key_point3_d_array__builder.hpp
[0.750s] -- Up-to-date: /ros2_ws/install/yolo_msgs/include/yolo_msgs/yolo_msgs/msg/detail/detection__builder.hpp
[0.750s] -- Up-to-date: /ros2_ws/install/yolo_msgs/include/yolo_msgs/yolo_msgs/msg/detail/key_point2_d_array__builder.hpp
[0.750s] -- Up-to-date: /ros2_ws/install/yolo_msgs/include/yolo_msgs/yolo_msgs/msg/detail/key_point2_d_array__type_support.hpp
[0.750s] -- Up-to-date: /ros2_ws/install/yolo_msgs/include/yolo_msgs/yolo_msgs/msg/detail/vector2__traits.hpp
[0.750s] -- Up-to-date: /ros2_ws/install/yolo_msgs/include/yolo_msgs/yolo_msgs/msg/detail/detection_array__type_support.hpp
[0.750s] -- Up-to-date: /ros2_ws/install/yolo_msgs/include/yolo_msgs/yolo_msgs/msg/detail/vector2__type_support.hpp
[0.751s] -- Up-to-date: /ros2_ws/install/yolo_msgs/include/yolo_msgs/yolo_msgs/msg/detail/point2_d__type_support.hpp
[0.751s] -- Up-to-date: /ros2_ws/install/yolo_msgs/include/yolo_msgs/yolo_msgs/msg/detail/bounding_box2_d__builder.hpp
[0.751s] -- Up-to-date: /ros2_ws/install/yolo_msgs/include/yolo_msgs/yolo_msgs/msg/detail/key_point2_d__builder.hpp
[0.751s] -- Up-to-date: /ros2_ws/install/yolo_msgs/include/yolo_msgs/yolo_msgs/msg/detail/key_point3_d__builder.hpp
[0.751s] -- Up-to-date: /ros2_ws/install/yolo_msgs/include/yolo_msgs/yolo_msgs/msg/detail/key_point3_d__type_support.hpp
[0.751s] -- Up-to-date: /ros2_ws/install/yolo_msgs/include/yolo_msgs/yolo_msgs/msg/mask.hpp
[0.751s] -- Up-to-date: /ros2_ws/install/yolo_msgs/include/yolo_msgs/yolo_msgs/msg/key_point2_d_array.hpp
[0.751s] -- Up-to-date: /ros2_ws/install/yolo_msgs/include/yolo_msgs/yolo_msgs/msg/detection.hpp
[0.751s] -- Up-to-date: /ros2_ws/install/yolo_msgs/include/yolo_msgs/yolo_msgs/msg/point2_d.hpp
[0.752s] -- Up-to-date: /ros2_ws/install/yolo_msgs/include/yolo_msgs/yolo_msgs/msg/rosidl_generator_cpp__visibility_control.hpp
[0.752s] -- Up-to-date: /ros2_ws/install/yolo_msgs/include/yolo_msgs/yolo_msgs/msg/pose2_d.hpp
[0.752s] -- Up-to-date: /ros2_ws/install/yolo_msgs/include/yolo_msgs/yolo_msgs/msg/key_point3_d_array.hpp
[0.752s] -- Up-to-date: /ros2_ws/install/yolo_msgs/include/yolo_msgs/yolo_msgs
[0.752s] -- Up-to-date: /ros2_ws/install/yolo_msgs/include/yolo_msgs/yolo_msgs/srv
[0.752s] -- Up-to-date: /ros2_ws/install/yolo_msgs/include/yolo_msgs/yolo_msgs/srv/detail
[0.752s] -- Up-to-date: /ros2_ws/install/yolo_msgs/include/yolo_msgs/yolo_msgs/srv/detail/set_classes__rosidl_typesupport_fastrtps_cpp.hpp
[0.752s] -- Up-to-date: /ros2_ws/install/yolo_msgs/include/yolo_msgs/yolo_msgs/srv/detail/dds_fastrtps
[0.752s] -- Up-to-date: /ros2_ws/install/yolo_msgs/include/yolo_msgs/yolo_msgs/msg
[0.752s] -- Up-to-date: /ros2_ws/install/yolo_msgs/include/yolo_msgs/yolo_msgs/msg/detail
[0.752s] -- Up-to-date: /ros2_ws/install/yolo_msgs/include/yolo_msgs/yolo_msgs/msg/detail/key_point2_d_array__rosidl_typesupport_fastrtps_cpp.hpp
[0.752s] -- Up-to-date: /ros2_ws/install/yolo_msgs/include/yolo_msgs/yolo_msgs/msg/detail/bounding_box3_d__rosidl_typesupport_fastrtps_cpp.hpp
[0.753s] -- Up-to-date: /ros2_ws/install/yolo_msgs/include/yolo_msgs/yolo_msgs/msg/detail/dds_fastrtps
[0.753s] -- Up-to-date: /ros2_ws/install/yolo_msgs/include/yolo_msgs/yolo_msgs/msg/detail/vector2__rosidl_typesupport_fastrtps_cpp.hpp
[0.753s] -- Up-to-date: /ros2_ws/install/yolo_msgs/include/yolo_msgs/yolo_msgs/msg/detail/key_point3_d_array__rosidl_typesupport_fastrtps_cpp.hpp
[0.753s] -- Up-to-date: /ros2_ws/install/yolo_msgs/include/yolo_msgs/yolo_msgs/msg/detail/point2_d__rosidl_typesupport_fastrtps_cpp.hpp
[0.753s] -- Up-to-date: /ros2_ws/install/yolo_msgs/include/yolo_msgs/yolo_msgs/msg/detail/pose2_d__rosidl_typesupport_fastrtps_cpp.hpp
[0.753s] -- Up-to-date: /ros2_ws/install/yolo_msgs/include/yolo_msgs/yolo_msgs/msg/detail/mask__rosidl_typesupport_fastrtps_cpp.hpp
[0.754s] -- Up-to-date: /ros2_ws/install/yolo_msgs/include/yolo_msgs/yolo_msgs/msg/detail/bounding_box2_d__rosidl_typesupport_fastrtps_cpp.hpp
[0.754s] -- Up-to-date: /ros2_ws/install/yolo_msgs/include/yolo_msgs/yolo_msgs/msg/detail/key_point3_d__rosidl_typesupport_fastrtps_cpp.hpp
[0.754s] -- Up-to-date: /ros2_ws/install/yolo_msgs/include/yolo_msgs/yolo_msgs/msg/detail/detection__rosidl_typesupport_fastrtps_cpp.hpp
[0.754s] -- Up-to-date: /ros2_ws/install/yolo_msgs/include/yolo_msgs/yolo_msgs/msg/detail/key_point2_d__rosidl_typesupport_fastrtps_cpp.hpp
[0.754s] -- Up-to-date: /ros2_ws/install/yolo_msgs/include/yolo_msgs/yolo_msgs/msg/detail/detection_array__rosidl_typesupport_fastrtps_cpp.hpp
[0.754s] -- Up-to-date: /ros2_ws/install/yolo_msgs/include/yolo_msgs/yolo_msgs/msg/rosidl_typesupport_fastrtps_cpp__visibility_control.h
[0.754s] -- Up-to-date: /ros2_ws/install/yolo_msgs/lib/libyolo_msgs__rosidl_typesupport_fastrtps_cpp.so
[0.754s] -- Up-to-date: /ros2_ws/install/yolo_msgs/include/yolo_msgs/yolo_msgs
[0.754s] -- Up-to-date: /ros2_ws/install/yolo_msgs/include/yolo_msgs/yolo_msgs/srv
[0.754s] -- Up-to-date: /ros2_ws/install/yolo_msgs/include/yolo_msgs/yolo_msgs/srv/detail
[0.755s] -- Up-to-date: /ros2_ws/install/yolo_msgs/include/yolo_msgs/yolo_msgs/srv/detail/set_classes__rosidl_typesupport_introspection_cpp.hpp
[0.755s] -- Up-to-date: /ros2_ws/install/yolo_msgs/include/yolo_msgs/yolo_msgs/srv/detail/set_classes__type_support.cpp
[0.755s] -- Up-to-date: /ros2_ws/install/yolo_msgs/include/yolo_msgs/yolo_msgs/msg
[0.755s] -- Up-to-date: /ros2_ws/install/yolo_msgs/include/yolo_msgs/yolo_msgs/msg/detail
[0.755s] -- Up-to-date: /ros2_ws/install/yolo_msgs/include/yolo_msgs/yolo_msgs/msg/detail/vector2__rosidl_typesupport_introspection_cpp.hpp
[0.755s] -- Up-to-date: /ros2_ws/install/yolo_msgs/include/yolo_msgs/yolo_msgs/msg/detail/key_point3_d__rosidl_typesupport_introspection_cpp.hpp
[0.755s] -- Up-to-date: /ros2_ws/install/yolo_msgs/include/yolo_msgs/yolo_msgs/msg/detail/bounding_box3_d__type_support.cpp
[0.755s] -- Up-to-date: /ros2_ws/install/yolo_msgs/include/yolo_msgs/yolo_msgs/msg/detail/pose2_d__rosidl_typesupport_introspection_cpp.hpp
[0.755s] -- Up-to-date: /ros2_ws/install/yolo_msgs/include/yolo_msgs/yolo_msgs/msg/detail/key_point3_d_array__type_support.cpp
[0.755s] -- Up-to-date: /ros2_ws/install/yolo_msgs/include/yolo_msgs/yolo_msgs/msg/detail/key_point2_d_array__rosidl_typesupport_introspection_cpp.hpp
[0.755s] -- Up-to-date: /ros2_ws/install/yolo_msgs/include/yolo_msgs/yolo_msgs/msg/detail/key_point2_d__rosidl_typesupport_introspection_cpp.hpp
[0.756s] -- Up-to-date: /ros2_ws/install/yolo_msgs/include/yolo_msgs/yolo_msgs/msg/detail/key_point3_d__type_support.cpp
[0.756s] -- Up-to-date: /ros2_ws/install/yolo_msgs/include/yolo_msgs/yolo_msgs/msg/detail/detection_array__rosidl_typesupport_introspection_cpp.hpp
[0.756s] -- Up-to-date: /ros2_ws/install/yolo_msgs/include/yolo_msgs/yolo_msgs/msg/detail/bounding_box2_d__type_support.cpp
[0.756s] -- Up-to-date: /ros2_ws/install/yolo_msgs/include/yolo_msgs/yolo_msgs/msg/detail/detection_array__type_support.cpp
[0.756s] -- Up-to-date: /ros2_ws/install/yolo_msgs/include/yolo_msgs/yolo_msgs/msg/detail/vector2__type_support.cpp
[0.756s] -- Up-to-date: /ros2_ws/install/yolo_msgs/include/yolo_msgs/yolo_msgs/msg/detail/point2_d__rosidl_typesupport_introspection_cpp.hpp
[0.756s] -- Up-to-date: /ros2_ws/install/yolo_msgs/include/yolo_msgs/yolo_msgs/msg/detail/bounding_box3_d__rosidl_typesupport_introspection_cpp.hpp
[0.756s] -- Up-to-date: /ros2_ws/install/yolo_msgs/include/yolo_msgs/yolo_msgs/msg/detail/key_point3_d_array__rosidl_typesupport_introspection_cpp.hpp
[0.756s] -- Up-to-date: /ros2_ws/install/yolo_msgs/include/yolo_msgs/yolo_msgs/msg/detail/key_point2_d__type_support.cpp
[0.756s] -- Up-to-date: /ros2_ws/install/yolo_msgs/include/yolo_msgs/yolo_msgs/msg/detail/key_point2_d_array__type_support.cpp
[0.756s] -- Up-to-date: /ros2_ws/install/yolo_msgs/include/yolo_msgs/yolo_msgs/msg/detail/pose2_d__type_support.cpp
[0.756s] -- Up-to-date: /ros2_ws/install/yolo_msgs/include/yolo_msgs/yolo_msgs/msg/detail/point2_d__type_support.cpp
[0.757s] -- Up-to-date: /ros2_ws/install/yolo_msgs/include/yolo_msgs/yolo_msgs/msg/detail/bounding_box2_d__rosidl_typesupport_introspection_cpp.hpp
[0.757s] -- Up-to-date: /ros2_ws/install/yolo_msgs/include/yolo_msgs/yolo_msgs/msg/detail/detection__rosidl_typesupport_introspection_cpp.hpp
[0.757s] -- Up-to-date: /ros2_ws/install/yolo_msgs/include/yolo_msgs/yolo_msgs/msg/detail/mask__type_support.cpp
[0.757s] -- Up-to-date: /ros2_ws/install/yolo_msgs/include/yolo_msgs/yolo_msgs/msg/detail/detection__type_support.cpp
[0.757s] -- Up-to-date: /ros2_ws/install/yolo_msgs/include/yolo_msgs/yolo_msgs/msg/detail/mask__rosidl_typesupport_introspection_cpp.hpp
[0.757s] -- Up-to-date: /ros2_ws/install/yolo_msgs/lib/libyolo_msgs__rosidl_typesupport_introspection_cpp.so
[0.757s] -- Up-to-date: /ros2_ws/install/yolo_msgs/lib/libyolo_msgs__rosidl_typesupport_cpp.so
[0.757s] -- Up-to-date: /ros2_ws/install/yolo_msgs/share/yolo_msgs/environment/pythonpath.sh
[0.757s] -- Up-to-date: /ros2_ws/install/yolo_msgs/share/yolo_msgs/environment/pythonpath.dsv
[0.757s] -- Up-to-date: /ros2_ws/install/yolo_msgs/local/lib/python3.10/dist-packages/yolo_msgs-4.6.0-py3.10.egg-info
[0.757s] -- Installing: /ros2_ws/install/yolo_msgs/local/lib/python3.10/dist-packages/yolo_msgs-4.6.0-py3.10.egg-info/SOURCES.txt
[0.757s] -- Installing: /ros2_ws/install/yolo_msgs/local/lib/python3.10/dist-packages/yolo_msgs-4.6.0-py3.10.egg-info/top_level.txt
[0.757s] -- Installing: /ros2_ws/install/yolo_msgs/local/lib/python3.10/dist-packages/yolo_msgs-4.6.0-py3.10.egg-info/PKG-INFO
[0.758s] -- Installing: /ros2_ws/install/yolo_msgs/local/lib/python3.10/dist-packages/yolo_msgs-4.6.0-py3.10.egg-info/dependency_links.txt
[0.758s] -- Up-to-date: /ros2_ws/install/yolo_msgs/local/lib/python3.10/dist-packages/yolo_msgs
[0.758s] -- Up-to-date: /ros2_ws/install/yolo_msgs/local/lib/python3.10/dist-packages/yolo_msgs/__init__.py
[0.758s] -- Up-to-date: /ros2_ws/install/yolo_msgs/local/lib/python3.10/dist-packages/yolo_msgs/_yolo_msgs_s.ep.rosidl_typesupport_fastrtps_c.c
[0.758s] -- Up-to-date: /ros2_ws/install/yolo_msgs/local/lib/python3.10/dist-packages/yolo_msgs/yolo_msgs_s__rosidl_typesupport_introspection_c.cpython-310-x86_64-linux-gnu.so
[0.758s] -- Up-to-date: /ros2_ws/install/yolo_msgs/local/lib/python3.10/dist-packages/yolo_msgs/_yolo_msgs_s.ep.rosidl_typesupport_c.c
[0.759s] -- Up-to-date: /ros2_ws/install/yolo_msgs/local/lib/python3.10/dist-packages/yolo_msgs/srv
[0.759s] -- Up-to-date: /ros2_ws/install/yolo_msgs/local/lib/python3.10/dist-packages/yolo_msgs/srv/__init__.py
[0.759s] -- Up-to-date: /ros2_ws/install/yolo_msgs/local/lib/python3.10/dist-packages/yolo_msgs/srv/_set_classes_s.c
[0.759s] -- Up-to-date: /ros2_ws/install/yolo_msgs/local/lib/python3.10/dist-packages/yolo_msgs/srv/_set_classes.py
[0.759s] -- Up-to-date: /ros2_ws/install/yolo_msgs/local/lib/python3.10/dist-packages/yolo_msgs/libyolo_msgs__rosidl_generator_py.so
[0.760s] -- Up-to-date: /ros2_ws/install/yolo_msgs/local/lib/python3.10/dist-packages/yolo_msgs/yolo_msgs_s__rosidl_typesupport_c.cpython-310-x86_64-linux-gnu.so
[0.760s] -- Up-to-date: /ros2_ws/install/yolo_msgs/local/lib/python3.10/dist-packages/yolo_msgs/msg
[0.760s] -- Up-to-date: /ros2_ws/install/yolo_msgs/local/lib/python3.10/dist-packages/yolo_msgs/msg/__init__.py
[0.760s] -- Up-to-date: /ros2_ws/install/yolo_msgs/local/lib/python3.10/dist-packages/yolo_msgs/msg/_key_point2_d.py
[0.760s] -- Up-to-date: /ros2_ws/install/yolo_msgs/local/lib/python3.10/dist-packages/yolo_msgs/msg/_bounding_box2_d.py
[0.760s] -- Up-to-date: /ros2_ws/install/yolo_msgs/local/lib/python3.10/dist-packages/yolo_msgs/msg/_detection_s.c
[0.760s] -- Up-to-date: /ros2_ws/install/yolo_msgs/local/lib/python3.10/dist-packages/yolo_msgs/msg/_key_point2_d_s.c
[0.761s] -- Up-to-date: /ros2_ws/install/yolo_msgs/local/lib/python3.10/dist-packages/yolo_msgs/msg/_bounding_box3_d_s.c
[0.761s] -- Up-to-date: /ros2_ws/install/yolo_msgs/local/lib/python3.10/dist-packages/yolo_msgs/msg/_point2_d_s.c
[0.761s] -- Up-to-date: /ros2_ws/install/yolo_msgs/local/lib/python3.10/dist-packages/yolo_msgs/msg/_key_point3_d_array.py
[0.761s] -- Up-to-date: /ros2_ws/install/yolo_msgs/local/lib/python3.10/dist-packages/yolo_msgs/msg/_detection_array.py
[0.761s] -- Up-to-date: /ros2_ws/install/yolo_msgs/local/lib/python3.10/dist-packages/yolo_msgs/msg/_detection_array_s.c
[0.761s] -- Up-to-date: /ros2_ws/install/yolo_msgs/local/lib/python3.10/dist-packages/yolo_msgs/msg/_key_point3_d_array_s.c
[0.761s] -- Up-to-date: /ros2_ws/install/yolo_msgs/local/lib/python3.10/dist-packages/yolo_msgs/msg/_point2_d.py
[0.761s] -- Up-to-date: /ros2_ws/install/yolo_msgs/local/lib/python3.10/dist-packages/yolo_msgs/msg/_bounding_box2_d_s.c
[0.761s] -- Up-to-date: /ros2_ws/install/yolo_msgs/local/lib/python3.10/dist-packages/yolo_msgs/msg/_bounding_box3_d.py
[0.761s] -- Up-to-date: /ros2_ws/install/yolo_msgs/local/lib/python3.10/dist-packages/yolo_msgs/msg/_key_point2_d_array.py
[0.761s] -- Up-to-date: /ros2_ws/install/yolo_msgs/local/lib/python3.10/dist-packages/yolo_msgs/msg/_mask_s.c
[0.761s] -- Up-to-date: /ros2_ws/install/yolo_msgs/local/lib/python3.10/dist-packages/yolo_msgs/msg/_vector2.py
[0.761s] -- Up-to-date: /ros2_ws/install/yolo_msgs/local/lib/python3.10/dist-packages/yolo_msgs/msg/_pose2_d.py
[0.761s] -- Up-to-date: /ros2_ws/install/yolo_msgs/local/lib/python3.10/dist-packages/yolo_msgs/msg/_key_point2_d_array_s.c
[0.762s] -- Up-to-date: /ros2_ws/install/yolo_msgs/local/lib/python3.10/dist-packages/yolo_msgs/msg/_mask.py
[0.762s] -- Up-to-date: /ros2_ws/install/yolo_msgs/local/lib/python3.10/dist-packages/yolo_msgs/msg/_vector2_s.c
[0.762s] -- Up-to-date: /ros2_ws/install/yolo_msgs/local/lib/python3.10/dist-packages/yolo_msgs/msg/_detection.py
[0.762s] -- Up-to-date: /ros2_ws/install/yolo_msgs/local/lib/python3.10/dist-packages/yolo_msgs/msg/_key_point3_d.py
[0.762s] -- Up-to-date: /ros2_ws/install/yolo_msgs/local/lib/python3.10/dist-packages/yolo_msgs/msg/_pose2_d_s.c
[0.762s] -- Up-to-date: /ros2_ws/install/yolo_msgs/local/lib/python3.10/dist-packages/yolo_msgs/msg/_key_point3_d_s.c
[0.762s] -- Up-to-date: /ros2_ws/install/yolo_msgs/local/lib/python3.10/dist-packages/yolo_msgs/_yolo_msgs_s.ep.rosidl_typesupport_introspection_c.c
[0.762s] -- Up-to-date: /ros2_ws/install/yolo_msgs/local/lib/python3.10/dist-packages/yolo_msgs/yolo_msgs_s__rosidl_typesupport_fastrtps_c.cpython-310-x86_64-linux-gnu.so
[0.804s] Listing '/ros2_ws/install/yolo_msgs/local/lib/python3.10/dist-packages/yolo_msgs'...
[0.804s] Listing '/ros2_ws/install/yolo_msgs/local/lib/python3.10/dist-packages/yolo_msgs/msg'...
[0.804s] Listing '/ros2_ws/install/yolo_msgs/local/lib/python3.10/dist-packages/yolo_msgs/srv'...
[0.814s] -- Up-to-date: /ros2_ws/install/yolo_msgs/local/lib/python3.10/dist-packages/yolo_msgs/yolo_msgs_s__rosidl_typesupport_fastrtps_c.cpython-310-x86_64-linux-gnu.so
[0.815s] -- Up-to-date: /ros2_ws/install/yolo_msgs/local/lib/python3.10/dist-packages/yolo_msgs/yolo_msgs_s__rosidl_typesupport_introspection_c.cpython-310-x86_64-linux-gnu.so
[0.816s] -- Up-to-date: /ros2_ws/install/yolo_msgs/local/lib/python3.10/dist-packages/yolo_msgs/yolo_msgs_s__rosidl_typesupport_c.cpython-310-x86_64-linux-gnu.so
[0.817s] -- Up-to-date: /ros2_ws/install/yolo_msgs/lib/libyolo_msgs__rosidl_generator_py.so
[0.817s] -- Up-to-date: /ros2_ws/install/yolo_msgs/share/ament_index/resource_index/rust_packages/yolo_msgs
[0.817s] -- Up-to-date: /ros2_ws/install/yolo_msgs/share/yolo_msgs/rust
[0.818s] -- Up-to-date: /ros2_ws/install/yolo_msgs/share/yolo_msgs/rust/Cargo.toml
[0.818s] -- Up-to-date: /ros2_ws/install/yolo_msgs/share/yolo_msgs/rust/build.rs
[0.818s] -- Up-to-date: /ros2_ws/install/yolo_msgs/share/yolo_msgs/rust/src
[0.818s] -- Up-to-date: /ros2_ws/install/yolo_msgs/share/yolo_msgs/rust/src/lib.rs
[0.818s] -- Up-to-date: /ros2_ws/install/yolo_msgs/share/yolo_msgs/rust/src/msg.rs
[0.818s] -- Up-to-date: /ros2_ws/install/yolo_msgs/share/yolo_msgs/rust/src/srv.rs
[0.818s] -- Up-to-date: /ros2_ws/install/yolo_msgs/share/yolo_msgs/rust/src/srv
[0.819s] -- Up-to-date: /ros2_ws/install/yolo_msgs/share/yolo_msgs/rust/src/srv/rmw.rs
[0.819s] -- Up-to-date: /ros2_ws/install/yolo_msgs/share/yolo_msgs/rust/src/msg
[0.819s] -- Up-to-date: /ros2_ws/install/yolo_msgs/share/yolo_msgs/rust/src/msg/rmw.rs
[0.819s] -- Up-to-date: /ros2_ws/install/yolo_msgs/share/yolo_msgs/msg/Point2D.idl
[0.819s] -- Up-to-date: /ros2_ws/install/yolo_msgs/share/yolo_msgs/msg/Vector2.idl
[0.820s] -- Up-to-date: /ros2_ws/install/yolo_msgs/share/yolo_msgs/msg/Pose2D.idl
[0.820s] -- Up-to-date: /ros2_ws/install/yolo_msgs/share/yolo_msgs/msg/BoundingBox2D.idl
[0.820s] -- Up-to-date: /ros2_ws/install/yolo_msgs/share/yolo_msgs/msg/BoundingBox3D.idl
[0.820s] -- Up-to-date: /ros2_ws/install/yolo_msgs/share/yolo_msgs/msg/Mask.idl
[0.820s] -- Up-to-date: /ros2_ws/install/yolo_msgs/share/yolo_msgs/msg/KeyPoint2D.idl
[0.821s] -- Up-to-date: /ros2_ws/install/yolo_msgs/share/yolo_msgs/msg/KeyPoint2DArray.idl
[0.821s] -- Up-to-date: /ros2_ws/install/yolo_msgs/share/yolo_msgs/msg/KeyPoint3D.idl
[0.821s] -- Up-to-date: /ros2_ws/install/yolo_msgs/share/yolo_msgs/msg/KeyPoint3DArray.idl
[0.821s] -- Up-to-date: /ros2_ws/install/yolo_msgs/share/yolo_msgs/msg/Detection.idl
[0.821s] -- Up-to-date: /ros2_ws/install/yolo_msgs/share/yolo_msgs/msg/DetectionArray.idl
[0.821s] -- Up-to-date: /ros2_ws/install/yolo_msgs/share/yolo_msgs/srv/SetClasses.idl
[0.821s] -- Up-to-date: /ros2_ws/install/yolo_msgs/share/yolo_msgs/msg/Point2D.msg
[0.822s] -- Up-to-date: /ros2_ws/install/yolo_msgs/share/yolo_msgs/msg/Vector2.msg
[0.822s] -- Up-to-date: /ros2_ws/install/yolo_msgs/share/yolo_msgs/msg/Pose2D.msg
[0.822s] -- Up-to-date: /ros2_ws/install/yolo_msgs/share/yolo_msgs/msg/BoundingBox2D.msg
[0.822s] -- Up-to-date: /ros2_ws/install/yolo_msgs/share/yolo_msgs/msg/BoundingBox3D.msg
[0.822s] -- Up-to-date: /ros2_ws/install/yolo_msgs/share/yolo_msgs/msg/Mask.msg
[0.822s] -- Up-to-date: /ros2_ws/install/yolo_msgs/share/yolo_msgs/msg/KeyPoint2D.msg
[0.822s] -- Up-to-date: /ros2_ws/install/yolo_msgs/share/yolo_msgs/msg/KeyPoint2DArray.msg
[0.822s] -- Up-to-date: /ros2_ws/install/yolo_msgs/share/yolo_msgs/msg/KeyPoint3D.msg
[0.822s] -- Up-to-date: /ros2_ws/install/yolo_msgs/share/yolo_msgs/msg/KeyPoint3DArray.msg
[0.823s] -- Up-to-date: /ros2_ws/install/yolo_msgs/share/yolo_msgs/msg/Detection.msg
[0.823s] -- Up-to-date: /ros2_ws/install/yolo_msgs/share/yolo_msgs/msg/DetectionArray.msg
[0.823s] -- Up-to-date: /ros2_ws/install/yolo_msgs/share/yolo_msgs/srv/SetClasses.srv
[0.823s] -- Up-to-date: /ros2_ws/install/yolo_msgs/share/yolo_msgs/srv/SetClasses_Request.msg
[0.823s] -- Up-to-date: /ros2_ws/install/yolo_msgs/share/yolo_msgs/srv/SetClasses_Response.msg
[0.823s] -- Up-to-date: /ros2_ws/install/yolo_msgs/share/ament_index/resource_index/package_run_dependencies/yolo_msgs
[0.824s] -- Up-to-date: /ros2_ws/install/yolo_msgs/share/ament_index/resource_index/parent_prefix_path/yolo_msgs
[0.824s] -- Up-to-date: /ros2_ws/install/yolo_msgs/share/yolo_msgs/environment/ament_prefix_path.sh
[0.824s] -- Up-to-date: /ros2_ws/install/yolo_msgs/share/yolo_msgs/environment/ament_prefix_path.dsv
[0.824s] -- Up-to-date: /ros2_ws/install/yolo_msgs/share/yolo_msgs/environment/path.sh
[0.824s] -- Up-to-date: /ros2_ws/install/yolo_msgs/share/yolo_msgs/environment/path.dsv
[0.824s] -- Up-to-date: /ros2_ws/install/yolo_msgs/share/yolo_msgs/local_setup.bash
[0.824s] -- Up-to-date: /ros2_ws/install/yolo_msgs/share/yolo_msgs/local_setup.sh
[0.824s] -- Up-to-date: /ros2_ws/install/yolo_msgs/share/yolo_msgs/local_setup.zsh
[0.824s] -- Up-to-date: /ros2_ws/install/yolo_msgs/share/yolo_msgs/local_setup.dsv
[0.824s] -- Installing: /ros2_ws/install/yolo_msgs/share/yolo_msgs/package.dsv
[0.824s] -- Up-to-date: /ros2_ws/install/yolo_msgs/share/ament_index/resource_index/packages/yolo_msgs
[0.825s] -- Up-to-date: /ros2_ws/install/yolo_msgs/share/yolo_msgs/cmake/export_yolo_msgs__rosidl_generator_cExport.cmake
[0.825s] -- Up-to-date: /ros2_ws/install/yolo_msgs/share/yolo_msgs/cmake/export_yolo_msgs__rosidl_generator_cExport-noconfig.cmake
[0.826s] -- Up-to-date: /ros2_ws/install/yolo_msgs/share/yolo_msgs/cmake/export_yolo_msgs__rosidl_typesupport_fastrtps_cExport.cmake
[0.826s] -- Up-to-date: /ros2_ws/install/yolo_msgs/share/yolo_msgs/cmake/export_yolo_msgs__rosidl_typesupport_fastrtps_cExport-noconfig.cmake
[0.826s] -- Up-to-date: /ros2_ws/install/yolo_msgs/share/yolo_msgs/cmake/yolo_msgs__rosidl_typesupport_introspection_cExport.cmake
[0.827s] -- Up-to-date: /ros2_ws/install/yolo_msgs/share/yolo_msgs/cmake/yolo_msgs__rosidl_typesupport_introspection_cExport-noconfig.cmake
[0.827s] -- Up-to-date: /ros2_ws/install/yolo_msgs/share/yolo_msgs/cmake/yolo_msgs__rosidl_typesupport_cExport.cmake
[0.827s] -- Up-to-date: /ros2_ws/install/yolo_msgs/share/yolo_msgs/cmake/yolo_msgs__rosidl_typesupport_cExport-noconfig.cmake
[0.828s] -- Up-to-date: /ros2_ws/install/yolo_msgs/share/yolo_msgs/cmake/export_yolo_msgs__rosidl_generator_cppExport.cmake
[0.829s] -- Up-to-date: /ros2_ws/install/yolo_msgs/share/yolo_msgs/cmake/export_yolo_msgs__rosidl_typesupport_fastrtps_cppExport.cmake
[0.829s] -- Up-to-date: /ros2_ws/install/yolo_msgs/share/yolo_msgs/cmake/export_yolo_msgs__rosidl_typesupport_fastrtps_cppExport-noconfig.cmake
[0.829s] -- Up-to-date: /ros2_ws/install/yolo_msgs/share/yolo_msgs/cmake/yolo_msgs__rosidl_typesupport_introspection_cppExport.cmake
[0.830s] -- Up-to-date: /ros2_ws/install/yolo_msgs/share/yolo_msgs/cmake/yolo_msgs__rosidl_typesupport_introspection_cppExport-noconfig.cmake
[0.830s] -- Up-to-date: /ros2_ws/install/yolo_msgs/share/yolo_msgs/cmake/yolo_msgs__rosidl_typesupport_cppExport.cmake
[0.830s] -- Up-to-date: /ros2_ws/install/yolo_msgs/share/yolo_msgs/cmake/yolo_msgs__rosidl_typesupport_cppExport-noconfig.cmake
[0.831s] -- Up-to-date: /ros2_ws/install/yolo_msgs/share/yolo_msgs/cmake/export_yolo_msgs__rosidl_generator_pyExport.cmake
[0.831s] -- Up-to-date: /ros2_ws/install/yolo_msgs/share/yolo_msgs/cmake/export_yolo_msgs__rosidl_generator_pyExport-noconfig.cmake
[0.831s] -- Up-to-date: /ros2_ws/install/yolo_msgs/share/yolo_msgs/cmake/rosidl_cmake-extras.cmake
[0.832s] -- Up-to-date: /ros2_ws/install/yolo_msgs/share/yolo_msgs/cmake/ament_cmake_export_dependencies-extras.cmake
[0.832s] -- Up-to-date: /ros2_ws/install/yolo_msgs/share/yolo_msgs/cmake/ament_cmake_export_include_directories-extras.cmake
[0.832s] -- Up-to-date: /ros2_ws/install/yolo_msgs/share/yolo_msgs/cmake/ament_cmake_export_libraries-extras.cmake
[0.832s] -- Up-to-date: /ros2_ws/install/yolo_msgs/share/yolo_msgs/cmake/ament_cmake_export_targets-extras.cmake
[0.832s] -- Up-to-date: /ros2_ws/install/yolo_msgs/share/yolo_msgs/cmake/rosidl_cmake_export_typesupport_targets-extras.cmake
[0.832s] -- Up-to-date: /ros2_ws/install/yolo_msgs/share/yolo_msgs/cmake/rosidl_cmake_export_typesupport_libraries-extras.cmake
[0.832s] -- Up-to-date: /ros2_ws/install/yolo_msgs/share/yolo_msgs/cmake/yolo_msgsConfig.cmake
[0.832s] -- Up-to-date: /ros2_ws/install/yolo_msgs/share/yolo_msgs/cmake/yolo_msgsConfig-version.cmake
[0.832s] -- Up-to-date: /ros2_ws/install/yolo_msgs/share/yolo_msgs/package.xml
[0.837s] Invoked command in '/ros2_ws/build/yolo_msgs' returned '0': CMAKE_PREFIX_PATH=/opt/ros/humble /usr/bin/cmake --install /ros2_ws/build/yolo_msgs
