/ros2_ws/install/yolo_ros/lib/python3.10/site-packages/yolo_ros/__init__.py
/ros2_ws/install/yolo_ros/lib/python3.10/site-packages/yolo_ros/detect_3d_node.py
/ros2_ws/install/yolo_ros/lib/python3.10/site-packages/yolo_ros/debug_node.py
/ros2_ws/install/yolo_ros/lib/python3.10/site-packages/yolo_ros/tracking_node.py
/ros2_ws/install/yolo_ros/lib/python3.10/site-packages/yolo_ros/yolo_node.py
/ros2_ws/install/yolo_ros/lib/python3.10/site-packages/yolo_ros/__pycache__/__init__.cpython-310.pyc
/ros2_ws/install/yolo_ros/lib/python3.10/site-packages/yolo_ros/__pycache__/detect_3d_node.cpython-310.pyc
/ros2_ws/install/yolo_ros/lib/python3.10/site-packages/yolo_ros/__pycache__/debug_node.cpython-310.pyc
/ros2_ws/install/yolo_ros/lib/python3.10/site-packages/yolo_ros/__pycache__/tracking_node.cpython-310.pyc
/ros2_ws/install/yolo_ros/lib/python3.10/site-packages/yolo_ros/__pycache__/yolo_node.cpython-310.pyc
/ros2_ws/install/yolo_ros/share/ament_index/resource_index/packages/yolo_ros
/ros2_ws/install/yolo_ros/share/yolo_ros/package.xml
/ros2_ws/install/yolo_ros/lib/python3.10/site-packages/yolo_ros-4.6.0-py3.10.egg-info/SOURCES.txt
/ros2_ws/install/yolo_ros/lib/python3.10/site-packages/yolo_ros-4.6.0-py3.10.egg-info/top_level.txt
/ros2_ws/install/yolo_ros/lib/python3.10/site-packages/yolo_ros-4.6.0-py3.10.egg-info/requires.txt
/ros2_ws/install/yolo_ros/lib/python3.10/site-packages/yolo_ros-4.6.0-py3.10.egg-info/zip-safe
/ros2_ws/install/yolo_ros/lib/python3.10/site-packages/yolo_ros-4.6.0-py3.10.egg-info/entry_points.txt
/ros2_ws/install/yolo_ros/lib/python3.10/site-packages/yolo_ros-4.6.0-py3.10.egg-info/PKG-INFO
/ros2_ws/install/yolo_ros/lib/python3.10/site-packages/yolo_ros-4.6.0-py3.10.egg-info/dependency_links.txt
/ros2_ws/install/yolo_ros/lib/yolo_ros/debug_node
/ros2_ws/install/yolo_ros/lib/yolo_ros/detect_3d_node
/ros2_ws/install/yolo_ros/lib/yolo_ros/tracking_node
/ros2_ws/install/yolo_ros/lib/yolo_ros/yolo_node
