[0.017s] Invoking command in '/ros2_ws/build/yolo_bringup': AMENT_PREFIX_PATH=/ros2_ws/install/yolo_ros:/ros2_ws/install/yolo_msgs:${AMENT_PREFIX_PATH} CMAKE_PREFIX_PATH=/ros2_ws/install/yolo_msgs:/opt/ros/humble LD_LIBRARY_PATH=/ros2_ws/install/yolo_msgs/lib:${LD_LIBRARY_PATH} PYTHONPATH=/ros2_ws/install/yolo_ros/lib/python3.10/site-packages:/ros2_ws/install/yolo_msgs/local/lib/python3.10/dist-packages:${PYTHONPATH} /usr/bin/cmake /ros2_ws/src/yolo_ros/yolo_bringup -DCMAKE_INSTALL_PREFIX=/ros2_ws/install/yolo_bringup
[0.081s] -- The C compiler identification is GNU 11.4.0
[0.141s] -- The CXX compiler identification is GNU 11.4.0
[0.148s] -- Detecting C compiler ABI info
[0.233s] -- Detecting C compiler ABI info - done
[0.239s] -- Check for working C compiler: /usr/bin/cc - skipped
[0.239s] -- Detecting C compile features
[0.240s] -- Detecting C compile features - done
[0.243s] -- Detecting CXX compiler ABI info
[0.338s] -- Detecting CXX compiler ABI info - done
[0.344s] -- Check for working CXX compiler: /usr/bin/c++ - skipped
[0.345s] -- Detecting CXX compile features
[0.345s] -- Detecting CXX compile features - done
[0.348s] -- Found ament_cmake: 1.3.14 (/opt/ros/humble/share/ament_cmake/cmake)
[0.539s] -- Found Python3: /usr/bin/python3 (found version "3.10.12") found components: Interpreter 
[0.703s] -- Configuring done
[0.711s] -- Generating done
[0.713s] -- Build files have been written to: /ros2_ws/build/yolo_bringup
[0.719s] Invoked command in '/ros2_ws/build/yolo_bringup' returned '0': AMENT_PREFIX_PATH=/ros2_ws/install/yolo_ros:/ros2_ws/install/yolo_msgs:${AMENT_PREFIX_PATH} CMAKE_PREFIX_PATH=/ros2_ws/install/yolo_msgs:/opt/ros/humble LD_LIBRARY_PATH=/ros2_ws/install/yolo_msgs/lib:${LD_LIBRARY_PATH} PYTHONPATH=/ros2_ws/install/yolo_ros/lib/python3.10/site-packages:/ros2_ws/install/yolo_msgs/local/lib/python3.10/dist-packages:${PYTHONPATH} /usr/bin/cmake /ros2_ws/src/yolo_ros/yolo_bringup -DCMAKE_INSTALL_PREFIX=/ros2_ws/install/yolo_bringup
[0.721s] Invoking command in '/ros2_ws/build/yolo_bringup': AMENT_PREFIX_PATH=/ros2_ws/install/yolo_ros:/ros2_ws/install/yolo_msgs:${AMENT_PREFIX_PATH} CMAKE_PREFIX_PATH=/ros2_ws/install/yolo_msgs:/opt/ros/humble LD_LIBRARY_PATH=/ros2_ws/install/yolo_msgs/lib:${LD_LIBRARY_PATH} PYTHONPATH=/ros2_ws/install/yolo_ros/lib/python3.10/site-packages:/ros2_ws/install/yolo_msgs/local/lib/python3.10/dist-packages:${PYTHONPATH} /usr/bin/cmake --build /ros2_ws/build/yolo_bringup -- -j16 -l16
[0.769s] Invoked command in '/ros2_ws/build/yolo_bringup' returned '0': AMENT_PREFIX_PATH=/ros2_ws/install/yolo_ros:/ros2_ws/install/yolo_msgs:${AMENT_PREFIX_PATH} CMAKE_PREFIX_PATH=/ros2_ws/install/yolo_msgs:/opt/ros/humble LD_LIBRARY_PATH=/ros2_ws/install/yolo_msgs/lib:${LD_LIBRARY_PATH} PYTHONPATH=/ros2_ws/install/yolo_ros/lib/python3.10/site-packages:/ros2_ws/install/yolo_msgs/local/lib/python3.10/dist-packages:${PYTHONPATH} /usr/bin/cmake --build /ros2_ws/build/yolo_bringup -- -j16 -l16
[0.771s] Invoking command in '/ros2_ws/build/yolo_bringup': AMENT_PREFIX_PATH=/ros2_ws/install/yolo_ros:/ros2_ws/install/yolo_msgs:${AMENT_PREFIX_PATH} CMAKE_PREFIX_PATH=/ros2_ws/install/yolo_msgs:/opt/ros/humble LD_LIBRARY_PATH=/ros2_ws/install/yolo_msgs/lib:${LD_LIBRARY_PATH} PYTHONPATH=/ros2_ws/install/yolo_ros/lib/python3.10/site-packages:/ros2_ws/install/yolo_msgs/local/lib/python3.10/dist-packages:${PYTHONPATH} /usr/bin/cmake --install /ros2_ws/build/yolo_bringup
[0.782s] -- Install configuration: ""
[0.783s] -- Installing: /ros2_ws/install/yolo_bringup/share/yolo_bringup//launch
[0.785s] -- Installing: /ros2_ws/install/yolo_bringup/share/yolo_bringup//launch/yolo.launch.py
[0.786s] -- Installing: /ros2_ws/install/yolo_bringup/share/yolo_bringup//launch/yolo-world.launch.py
[0.786s] -- Installing: /ros2_ws/install/yolo_bringup/share/yolo_bringup//launch/yolov26.launch.py
[0.786s] -- Installing: /ros2_ws/install/yolo_bringup/share/yolo_bringup//launch/yolov11.launch.py
[0.786s] -- Installing: /ros2_ws/install/yolo_bringup/share/yolo_bringup//launch/yolov12.launch.py
[0.787s] -- Installing: /ros2_ws/install/yolo_bringup/share/yolo_bringup//launch/yolov9.launch.py
[0.787s] -- Installing: /ros2_ws/install/yolo_bringup/share/yolo_bringup//launch/yolov10.launch.py
[0.787s] -- Installing: /ros2_ws/install/yolo_bringup/share/yolo_bringup//launch/yolov5.launch.py
[0.787s] -- Installing: /ros2_ws/install/yolo_bringup/share/yolo_bringup//launch/yoloe.launch.py
[0.788s] -- Installing: /ros2_ws/install/yolo_bringup/share/yolo_bringup//launch/yolov8.launch.py
[0.789s] -- Installing: /ros2_ws/install/yolo_bringup/share/ament_index/resource_index/package_run_dependencies/yolo_bringup
[0.790s] -- Installing: /ros2_ws/install/yolo_bringup/share/ament_index/resource_index/parent_prefix_path/yolo_bringup
[0.791s] -- Installing: /ros2_ws/install/yolo_bringup/share/yolo_bringup/environment/ament_prefix_path.sh
[0.791s] -- Installing: /ros2_ws/install/yolo_bringup/share/yolo_bringup/environment/ament_prefix_path.dsv
[0.791s] -- Installing: /ros2_ws/install/yolo_bringup/share/yolo_bringup/environment/path.sh
[0.792s] -- Installing: /ros2_ws/install/yolo_bringup/share/yolo_bringup/environment/path.dsv
[0.792s] -- Installing: /ros2_ws/install/yolo_bringup/share/yolo_bringup/local_setup.bash
[0.792s] -- Installing: /ros2_ws/install/yolo_bringup/share/yolo_bringup/local_setup.sh
[0.792s] -- Installing: /ros2_ws/install/yolo_bringup/share/yolo_bringup/local_setup.zsh
[0.792s] -- Installing: /ros2_ws/install/yolo_bringup/share/yolo_bringup/local_setup.dsv
[0.793s] -- Installing: /ros2_ws/install/yolo_bringup/share/yolo_bringup/package.dsv
[0.794s] -- Installing: /ros2_ws/install/yolo_bringup/share/ament_index/resource_index/packages/yolo_bringup
[0.794s] -- Installing: /ros2_ws/install/yolo_bringup/share/yolo_bringup/cmake/yolo_bringupConfig.cmake
[0.794s] -- Installing: /ros2_ws/install/yolo_bringup/share/yolo_bringup/cmake/yolo_bringupConfig-version.cmake
[0.795s] -- Installing: /ros2_ws/install/yolo_bringup/share/yolo_bringup/package.xml
[0.798s] Invoked command in '/ros2_ws/build/yolo_bringup' returned '0': AMENT_PREFIX_PATH=/ros2_ws/install/yolo_ros:/ros2_ws/install/yolo_msgs:${AMENT_PREFIX_PATH} CMAKE_PREFIX_PATH=/ros2_ws/install/yolo_msgs:/opt/ros/humble LD_LIBRARY_PATH=/ros2_ws/install/yolo_msgs/lib:${LD_LIBRARY_PATH} PYTHONPATH=/ros2_ws/install/yolo_ros/lib/python3.10/site-packages:/ros2_ws/install/yolo_msgs/local/lib/python3.10/dist-packages:${PYTHONPATH} /usr/bin/cmake --install /ros2_ws/build/yolo_bringup
