[0.035s] Invoking command in '/ros2_ws/build/usb_cam': CMAKE_PREFIX_PATH=/opt/ros/humble /usr/bin/cmake --build /ros2_ws/build/usb_cam -- -j16 -l16
[0.155s] [35m[1mConsolidate compiler generated dependencies of target usb_cam[0m
[0.155s] [35m[1mConsolidate compiler generated dependencies of target gtest[0m
[0.162s] [35m[1mConsolidate compiler generated dependencies of target gtest_main[0m
[0.167s] [35m[1mConsolidate compiler generated dependencies of target usb_cam_node_exe[0m
[0.199s] [ 14%] Built target gtest
[0.200s] [ 28%] Built target gtest_main
[0.201s] [ 42%] Built target usb_cam
[0.237s] [35m[1mConsolidate compiler generated dependencies of target usb_cam_node[0m
[0.237s] [35m[1mConsolidate compiler generated dependencies of target test_pixel_formats[0m
[0.239s] [35m[1mConsolidate compiler generated dependencies of target test_usb_cam_utils[0m
[0.259s] [ 57%] Built target usb_cam_node_exe
[0.288s] [ 71%] Built target test_pixel_formats
[0.299s] [ 85%] Built target test_usb_cam_utils
[0.310s] [100%] Built target usb_cam_node
[0.334s] Invoked command in '/ros2_ws/build/usb_cam' returned '0': CMAKE_PREFIX_PATH=/opt/ros/humble /usr/bin/cmake --build /ros2_ws/build/usb_cam -- -j16 -l16
[0.358s] Invoking command in '/ros2_ws/build/usb_cam': CMAKE_PREFIX_PATH=/opt/ros/humble /usr/bin/cmake --install /ros2_ws/build/usb_cam
[0.371s] -- Install configuration: ""
[0.371s] -- Up-to-date: /ros2_ws/install/usb_cam/share/usb_cam/environment/library_path.sh
[0.372s] -- Up-to-date: /ros2_ws/install/usb_cam/share/usb_cam/environment/library_path.dsv
[0.375s] -- Up-to-date: /ros2_ws/install/usb_cam/lib/usb_cam/usb_cam_node_exe
[0.375s] -- Up-to-date: /ros2_ws/install/usb_cam/lib/usb_cam/show_image.py
[0.376s] -- Up-to-date: /ros2_ws/install/usb_cam/lib/libusb_cam.so
[0.378s] -- Up-to-date: /ros2_ws/install/usb_cam/lib/libusb_cam_node.so
[0.378s] -- Up-to-date: /ros2_ws/install/usb_cam/include
[0.378s] -- Up-to-date: /ros2_ws/install/usb_cam/include/usb_cam
[0.379s] -- Up-to-date: /ros2_ws/install/usb_cam/include/usb_cam/usb_cam_node.hpp
[0.379s] -- Up-to-date: /ros2_ws/install/usb_cam/include/usb_cam/utils.hpp
[0.379s] -- Up-to-date: /ros2_ws/install/usb_cam/include/usb_cam/usb_cam.hpp
[0.380s] -- Up-to-date: /ros2_ws/install/usb_cam/include/usb_cam/conversions.hpp
[0.380s] -- Up-to-date: /ros2_ws/install/usb_cam/include/usb_cam/formats
[0.380s] -- Up-to-date: /ros2_ws/install/usb_cam/include/usb_cam/formats/pixel_format_base.hpp
[0.380s] -- Up-to-date: /ros2_ws/install/usb_cam/include/usb_cam/formats/yuyv.hpp
[0.381s] -- Up-to-date: /ros2_ws/install/usb_cam/include/usb_cam/formats/utils.hpp
[0.381s] -- Up-to-date: /ros2_ws/install/usb_cam/include/usb_cam/formats/mjpeg.hpp
[0.381s] -- Up-to-date: /ros2_ws/install/usb_cam/include/usb_cam/formats/rgb.hpp
[0.381s] -- Up-to-date: /ros2_ws/install/usb_cam/include/usb_cam/formats/uyvy.hpp
[0.382s] -- Up-to-date: /ros2_ws/install/usb_cam/include/usb_cam/formats/av_pixel_format_helper.hpp
[0.382s] -- Up-to-date: /ros2_ws/install/usb_cam/include/usb_cam/formats/mono.hpp
[0.382s] -- Up-to-date: /ros2_ws/install/usb_cam/include/usb_cam/formats/m420.hpp
[0.382s] -- Up-to-date: /ros2_ws/install/usb_cam/include/usb_cam/constants.hpp
[0.382s] -- Up-to-date: /ros2_ws/install/usb_cam/lib/libusb_cam_node.so
[0.382s] -- Up-to-date: /ros2_ws/install/usb_cam/share/usb_cam/launch
[0.382s] -- Up-to-date: /ros2_ws/install/usb_cam/share/usb_cam/launch/__init__.py
[0.382s] -- Up-to-date: /ros2_ws/install/usb_cam/share/usb_cam/launch/camera.launch.py
[0.383s] -- Up-to-date: /ros2_ws/install/usb_cam/share/usb_cam/launch/camera_config.py
[0.383s] -- Up-to-date: /ros2_ws/install/usb_cam/share/usb_cam/config
[0.383s] -- Up-to-date: /ros2_ws/install/usb_cam/share/usb_cam/config/camera_info.yaml
[0.383s] -- Up-to-date: /ros2_ws/install/usb_cam/share/usb_cam/config/params_1.yaml
[0.383s] -- Up-to-date: /ros2_ws/install/usb_cam/share/usb_cam/config/params_2.yaml
[0.383s] -- Up-to-date: /ros2_ws/install/usb_cam/share/ament_index/resource_index/package_run_dependencies/usb_cam
[0.383s] -- Up-to-date: /ros2_ws/install/usb_cam/share/ament_index/resource_index/parent_prefix_path/usb_cam
[0.384s] -- Up-to-date: /ros2_ws/install/usb_cam/share/usb_cam/environment/ament_prefix_path.sh
[0.384s] -- Up-to-date: /ros2_ws/install/usb_cam/share/usb_cam/environment/ament_prefix_path.dsv
[0.384s] -- Up-to-date: /ros2_ws/install/usb_cam/share/usb_cam/environment/path.sh
[0.384s] -- Up-to-date: /ros2_ws/install/usb_cam/share/usb_cam/environment/path.dsv
[0.384s] -- Up-to-date: /ros2_ws/install/usb_cam/share/usb_cam/local_setup.bash
[0.384s] -- Up-to-date: /ros2_ws/install/usb_cam/share/usb_cam/local_setup.sh
[0.384s] -- Up-to-date: /ros2_ws/install/usb_cam/share/usb_cam/local_setup.zsh
[0.385s] -- Up-to-date: /ros2_ws/install/usb_cam/share/usb_cam/local_setup.dsv
[0.386s] -- Installing: /ros2_ws/install/usb_cam/share/usb_cam/package.dsv
[0.386s] -- Up-to-date: /ros2_ws/install/usb_cam/share/ament_index/resource_index/packages/usb_cam
[0.386s] -- Up-to-date: /ros2_ws/install/usb_cam/share/ament_index/resource_index/rclcpp_components/usb_cam
[0.386s] -- Up-to-date: /ros2_ws/install/usb_cam/share/usb_cam/cmake/ament_cmake_export_libraries-extras.cmake
[0.386s] -- Up-to-date: /ros2_ws/install/usb_cam/share/usb_cam/cmake/ament_cmake_export_dependencies-extras.cmake
[0.386s] -- Up-to-date: /ros2_ws/install/usb_cam/share/usb_cam/cmake/ament_cmake_export_include_directories-extras.cmake
[0.386s] -- Up-to-date: /ros2_ws/install/usb_cam/share/usb_cam/cmake/usb_camConfig.cmake
[0.386s] -- Up-to-date: /ros2_ws/install/usb_cam/share/usb_cam/cmake/usb_camConfig-version.cmake
[0.386s] -- Up-to-date: /ros2_ws/install/usb_cam/share/usb_cam/package.xml
[0.390s] Invoked command in '/ros2_ws/build/usb_cam' returned '0': CMAKE_PREFIX_PATH=/opt/ros/humble /usr/bin/cmake --install /ros2_ws/build/usb_cam
